Archive member included to satisfy reference by file (symbol)

libee.a(ee_hal_structs.o)     obj/ISR.o (EE_IRQ_nesting_level)
libee.a(ee_utils.o)           obj/main.o (EE_system_init)
libee.a(ee_gnu_change_context_isr.o)
                              obj/ISR.o (EE_switch_context)
libee.a(ee_altick.o)          obj/ISR.o (EE_alarm_CounterTick)
libee.a(ee_alsetrel.o)        obj/ek_RTE/Rte_Main.o (EE_alarm_SetRelAlarm)
libee.a(ee_irqsc.o)           libee.a(ee_gnu_change_context_isr.o) (EE_IRQ_end_instance)
libee.a(ee_rqexchg.o)         libee.a(ee_irqsc.o) (EE_rq2stk_exchange)
libee.a(ee_rqinsert.o)        libee.a(ee_altick.o) (EE_rq_insert)
libee.a(ee_context.o)         libee.a(ee_gnu_change_context_isr.o) (EE_cortex_mx_change_context)
libee.a(ee_context.o)         libee.a(ee_context.o) (EE_std_run_task_code)
libee.a(ee_thendin.o)         libee.a(ee_context.o) (EE_thread_end_instance)
libstm32f4xxspd.a(stm32f4xx_adc.o)
                              obj/ek_EcuA/ek_IoHwA/ek_ADC_init.o (ADC_Init)
libstm32f4xxspd.a(stm32f4xx_can.o)
                              obj/ek_ComA/ek_ComHwA/ek_CAN_init.o (CAN_DeInit)
libstm32f4xxspd.a(stm32f4xx_dma.o)
                              obj/ek_EcuA/ek_IoHwA/ek_ADC_init.o (DMA_Init)
libstm32f4xxspd.a(stm32f4xx_gpio.o)
                              obj/ek_ComA/ek_ComHwA/ek_CAN_init.o (GPIO_Init)
libstm32f4xxspd.a(stm32f4xx_i2c.o)
                              obj/ek_EcuA/ek_IoHwA/ek_I2C_init.o (I2C_DeInit)
libstm32f4xxspd.a(stm32f4xx_rcc.o)
                              obj/main.o (RCC_GetClocksFreq)
libstm32f4xxspd.a(stm32f4xx_tim.o)
                              obj/ek_EcuA/ek_IoHwA/ek_PWM_init.o (TIM_TimeBaseInit)
c:/gnuarm~1/bin/../lib/gcc/arm-none-eabi/5.4.1/armv7e-m\libgcc.a(_arm_addsubdf3.o)
                              obj/ek_EcuA/IoHwA.o (__aeabi_dsub)
c:/gnuarm~1/bin/../lib/gcc/arm-none-eabi/5.4.1/armv7e-m\libgcc.a(_arm_muldivdf3.o)
                              obj/ek_EcuA/IoHwA.o (__aeabi_dmul)
c:/gnuarm~1/bin/../lib/gcc/arm-none-eabi/5.4.1/armv7e-m\libgcc.a(_arm_cmpdf2.o)
                              obj/ek_EcuA/IoHwA.o (__aeabi_dcmpgt)
c:/gnuarm~1/bin/../lib/gcc/arm-none-eabi/5.4.1/armv7e-m\libgcc.a(_arm_truncdfsf2.o)
                              obj/ek_EcuA/IoHwA.o (__aeabi_d2f)
c:/gnuarm~1/bin/../lib/gcc/arm-none-eabi/5.4.1/armv7e-m\libgcc.a(_arm_addsubsf3.o)
                              obj/ek_SW_Component/SWC_Controller.o (__aeabi_fsub)
c:/gnuarm~1/bin/../lib/gcc/arm-none-eabi/5.4.1/armv7e-m\libgcc.a(_arm_muldivsf3.o)
                              obj/ek_EcuA/IoHwA.o (__aeabi_fmul)
c:/gnuarm~1/bin/../lib/gcc/arm-none-eabi/5.4.1/armv7e-m\libgcc.a(_arm_cmpsf2.o)
                              obj/ek_SW_Component/SWC_Controller.o (__aeabi_fcmplt)
c:/gnuarm~1/bin/../lib/gcc/arm-none-eabi/5.4.1/armv7e-m\libgcc.a(_arm_fixunssfsi.o)
                              obj/ek_EcuA/IoHwA.o (__aeabi_f2uiz)
C:\GNUARM~1\arm-none-eabi\lib\thumb\libc.a(lib_a-exit.o)
                              c:/gnuarm~1/bin/../lib/gcc/arm-none-eabi/5.4.1/../../../../arm-none-eabi/lib/armv7e-m/crt0.o (exit)
C:\GNUARM~1\arm-none-eabi\lib\thumb\libc.a(lib_a-impure.o)
                              C:\GNUARM~1\arm-none-eabi\lib\thumb\libc.a(lib_a-exit.o) (_global_impure_ptr)
C:\GNUARM~1\arm-none-eabi\lib\thumb\libc.a(lib_a-init.o)
                              c:/gnuarm~1/bin/../lib/gcc/arm-none-eabi/5.4.1/../../../../arm-none-eabi/lib/armv7e-m/crt0.o (__libc_init_array)
C:\GNUARM~1\arm-none-eabi\lib\thumb\libc.a(lib_a-memset.o)
                              c:/gnuarm~1/bin/../lib/gcc/arm-none-eabi/5.4.1/../../../../arm-none-eabi/lib/armv7e-m/crt0.o (memset)
C:\GNUARM~1\arm-none-eabi\lib\thumb\libc.a(lib_a-__call_atexit.o)
                              C:\GNUARM~1\arm-none-eabi\lib\thumb\libc.a(lib_a-exit.o) (__call_exitprocs)
C:\GNUARM~1\arm-none-eabi\lib\thumb\libc.a(lib_a-atexit.o)
                              C:\GNUARM~1\arm-none-eabi\lib\thumb\libc.a(lib_a-__call_atexit.o) (atexit)
C:\GNUARM~1\arm-none-eabi\lib\thumb\libc.a(lib_a-fini.o)
                              C:\GNUARM~1\arm-none-eabi\lib\thumb\libc.a(lib_a-__call_atexit.o) (__libc_fini_array)
C:\GNUARM~1\arm-none-eabi\lib\thumb\libc.a(lib_a-__atexit.o)
                              C:\GNUARM~1\arm-none-eabi\lib\thumb\libc.a(lib_a-atexit.o) (__register_exitproc)
C:\GNUARM~1\arm-none-eabi\lib\thumb\libm.a(lib_a-sf_round.o)
                              obj/ek_EcuA/IoHwA.o (roundf)

Allocating common symbols
Common symbol       size              file

ir_distance         0x4               obj/ek_EcuA/IoHwA.o
Inter_Com_Channels  0x4               obj/ek_RTE/Rte_Vfb.o
us_distance         0x4               obj/ek_EcuA/IoHwA.o
receivedRanging_data
                    0x8               obj/ek_EcuA/ek_IoHwA/ek_I2C_init.o
ADC3ConvertedVoltage
                    0x4               obj/ek_EcuA/IoHwA.o
EE_IRQ_nesting_level
                    0x4               libee.a(ee_hal_structs.o)
EE_alarm_RAM        0x3c              obj/eecfg.o
ADC3ConvertedValue  0x2               obj/ek_EcuA/IoHwA.o
rckwert             0x2               obj/ek_EcuA/ek_IoHwA/ek_I2C_init.o
status_of_value     0x8               obj/ek_RTE/Rte_Vfb.o
GPIO_InitStructure  0x8               obj/ISR.o
temp_var            0x4               obj/ek_RTE/Rte_Vfb.o
temp_IDvar          0x4               obj/ek_RTE/Rte_Vfb.o
result              0x4               obj/ek_EcuA/IoHwA.o
Intra_Com_Channels  0x8               obj/ek_RTE/Rte_Vfb.o
EE_std_endcycle_next_tid
                    0x4               libee.a(ee_hal_structs.o)
rangingData         0x10              obj/ek_EcuA/ek_IoHwA/ek_I2C_init.o
pwm_DutyCycle_valueIF
                    0x4               obj/ek_EcuA/IoHwA.o
EE_th_nact          0x14              obj/eecfg.o
pwm_DutyCycle_valueUS
                    0x4               obj/ek_EcuA/IoHwA.o

Memory Configuration

Name             Origin             Length             Attributes
FLASH            0x08000000         0x00100000         xr
RAM              0x20000000         0x00020000         xrw
CCM              0x10000000         0x00010000         xrw
MEMORY_B1        0x60000000         0x00000000         xr
*default*        0x00000000         0xffffffff

Linker script and memory map

LOAD c:/gnuarm~1/bin/../lib/gcc/arm-none-eabi/5.4.1/armv7e-m/crti.o
LOAD c:/gnuarm~1/bin/../lib/gcc/arm-none-eabi/5.4.1/armv7e-m/crtbegin.o
LOAD c:/gnuarm~1/bin/../lib/gcc/arm-none-eabi/5.4.1/../../../../arm-none-eabi/lib/armv7e-m/crt0.o
LOAD obj/ISR.o
LOAD obj/TASKs.o
LOAD obj/eecfg.o
LOAD obj/ek_ComA/ek_ComHwA/ek_CAN_init.o
LOAD obj/ek_ComA/ek_ComS.o
LOAD obj/ek_EcuA/IoHwA.o
LOAD obj/ek_EcuA/ek_IoHwA/ek_ADC_init.o
LOAD obj/ek_EcuA/ek_IoHwA/ek_I2C_init.o
LOAD obj/ek_EcuA/ek_IoHwA/ek_PWM_init.o
LOAD obj/ek_EcuA/ek_MCAL/ek_GPIOx_init.o
LOAD obj/ek_RTE/Rte_Main.o
LOAD obj/ek_RTE/Rte_Vfb.o
LOAD obj/ek_SW_Component/SWC_Controller.o
LOAD obj/main.o
LOAD obj/pkg/mcu/st_stm32_stm32f4xx/src/startup_stm32f4xx_gnu.o
LOAD obj/pkg/mcu/st_stm32_stm32f4xx/src/system_stm32f4xx.o
LOAD libee.a
LOAD libstm32f4xxspd.a
START GROUP
LOAD c:/gnuarm~1/bin/../lib/gcc/arm-none-eabi/5.4.1/armv7e-m\libgcc.a
LOAD C:\GNUARM~1\arm-none-eabi\lib\thumb\libc.a
LOAD C:\GNUARM~1\arm-none-eabi\lib\thumb\libm.a
LOAD C:\GNUARM~1\arm-none-eabi\lib\thumb\libnosys.a
END GROUP

.text           0x08000000     0x9118
 *(.isr_vector)
 .isr_vector    0x08000000      0x188 obj/pkg/mcu/st_stm32_stm32f4xx/src/startup_stm32f4xx_gnu.o
                0x08000000                __isr_vector
 *(.text*)
 .text          0x08000188        0x0 c:/gnuarm~1/bin/../lib/gcc/arm-none-eabi/5.4.1/armv7e-m/crti.o
 .text          0x08000188       0x5c c:/gnuarm~1/bin/../lib/gcc/arm-none-eabi/5.4.1/armv7e-m/crtbegin.o
 .text          0x080001e4       0x74 c:/gnuarm~1/bin/../lib/gcc/arm-none-eabi/5.4.1/../../../../arm-none-eabi/lib/armv7e-m/crt0.o
                0x080001e4                _start
                0x080001e4                _mainCRTStartup
 .text          0x08000258      0x240 obj/ISR.o
                0x0800028c                systick_handler
                0x08000348                ISR2_systick_handler
                0x08000358                can_handler
                0x08000414                ISR2_can_handler
 .text          0x08000498       0x7c obj/TASKs.o
                0x080004cc                FuncTaskRunnableSlot1
                0x080004d8                FuncTaskRunnableSlot2
                0x080004e4                FuncTaskRunnableSlot3
                0x080004f0                FuncTaskRunnableSlot4
                0x080004fc                FuncTaskRunnableSlot5
                0x08000508                empty_FUNC
 .text          0x08000514       0x34 obj/eecfg.o
 .text          0x08000548       0xe8 obj/ek_ComA/ek_ComHwA/ek_CAN_init.o
                0x08000548                ek_CANx_Init
 .text          0x08000630       0xd0 obj/ek_ComA/ek_ComS.o
                0x08000664                Com_Init
                0x08000670                Com_SendSignal
                0x080006d4                Com_ReceiveSignal
 .text          0x08000700      0x524 obj/ek_EcuA/IoHwA.o
                0x08000734                IoHwA_Init
                0x08000744                ek_sharpIF
                0x080008c8                get_exact_IFdistance
                0x08000a40                ek_setDistanceMeasurementStatusIF
                0x08000a60                ek_setDistanceMeasurementStatusUS
                0x08000a80                ek_getDistanceMeasurementStatusUS
                0x08000a94                ek_getDistanceMeasurementStatusIF
                0x08000aa8                ek_getIFdistance
                0x08000abc                ek_getUSdistance
                0x08000ad0                ek_srf02_US
                0x08000b7c                ECU_Get_Distance
                0x08000ba4                ECU_Set_MotorSpeed
 .text          0x08000c24      0x188 obj/ek_EcuA/ek_IoHwA/ek_ADC_init.o
                0x08000c24                ek_ADC_Init
                0x08000c50                ADC3_CH12_DMA_Config
                0x08000d60                ek_getADC3_Value
                0x08000d7c                ek_getADC3_Voltage
 .text          0x08000dac      0x82c obj/ek_EcuA/ek_IoHwA/ek_I2C_init.o
                0x08000dac                ek_I2C1_Init
                0x08000e78                ek_I2C1_timeout
                0x08000eb8                ek_I2C3_timeout
                0x08000ef4                I2C_start
                0x08000fd8                I2C_write
                0x0800100c                I2C_read_ack
                0x08001048                I2C_read_nack
                0x0800108c                I2C_stop
                0x080010bc                i2cSendByte
                0x08001108                setSensorI2CAddress
                0x08001154                initUltrasonicSensorI2C
                0x08001180                readRegister
                0x080011cc                readDistance
                0x0800121c                readAutotuneDistance
                0x08001254                ek_I2C1_WriteByte
                0x080013d0                ek_I2C1_ReadByte
 .text          0x080015d8      0x170 obj/ek_EcuA/ek_IoHwA/ek_PWM_init.o
                0x080015d8                ek_PWM3_Init
                0x080016a0                ek_setPWM3_DutyCycle
 .text          0x08001748       0x8c obj/ek_EcuA/ek_MCAL/ek_GPIOx_init.o
                0x08001748                ek_GPIOx_Init
 .text          0x080017d4       0x5c obj/ek_RTE/Rte_Main.o
                0x08001808                Rte_Start
                0x08001820                Rte_Stop
 .text          0x08001830      0x194 obj/ek_RTE/Rte_Vfb.o
                0x08001830                Rte_Vfb_Init
                0x08001894                Rte_Vfb_write
                0x080018f0                Rte_Vfb_read
                0x0800194c                Rte_Vfb_update_extern_Value
                0x080019a4                Rte_Status_Value
 .text          0x080019c4      0x2ac obj/ek_SW_Component/SWC_Controller.o
                0x080019c4                startSearchMode
                0x080019f0                runnableSWC_Controller
                0x08001b20                distance_control
                0x08001bdc                search_control
                0x08001c40                writeSpeed
 .text          0x08001c70       0xa4 obj/main.o
                0x08001ca4                main
 .text          0x08001d14        0x0 obj/pkg/mcu/st_stm32_stm32f4xx/src/startup_stm32f4xx_gnu.o
 .text.EE_cortex_mx_default_reset_ISR
                0x08001d14       0x40 obj/pkg/mcu/st_stm32_stm32f4xx/src/startup_stm32f4xx_gnu.o
                0x08001d14                EE_cortex_mx_default_reset_ISR
 .text.EE_cortex_mx_default_ISR
                0x08001d54        0x4 obj/pkg/mcu/st_stm32_stm32f4xx/src/startup_stm32f4xx_gnu.o
                0x08001d54                EE_CORTEX_MX_DMA1_STREAM4_ISR
                0x08001d54                EE_CORTEX_MX_USART6_ISR
                0x08001d54                EE_CORTEX_MX_DMA1_STREAM6_ISR
                0x08001d54                EE_CORTEX_MX_CRYP_ISR
                0x08001d54                EE_CORTEX_MX_DMA1_STREAM5_ISR
                0x08001d54                EE_CORTEX_MX_BUS_FAULT_ISR
                0x08001d54                EE_CORTEX_MX_PVD_ISR
                0x08001d54                EE_CORTEX_MX_SPI2_ISR
                0x08001d54                EE_CORTEX_MX_CAN1_RX1_ISR
                0x08001d54                EE_CORTEX_MX_DMA2_STREAM5_ISR
                0x08001d54                EE_CORTEX_MX_TIM6_DAC_ISR
                0x08001d54                EE_CORTEX_MX_I2C2_EV_ISR
                0x08001d54                EE_CORTEX_MX_TIM1_UP_TIM10_ISR
                0x08001d54                EE_CORTEX_MX_USART1_ISR
                0x08001d54                EE_CORTEX_MX_TIM8_CC_ISR
                0x08001d54                EE_CORTEX_MX_RTC_Alarm_ISR
                0x08001d54                EE_CORTEX_MX_EXTI2_ISR
                0x08001d54                EE_CORTEX_MX_OTG_HS_ISR
                0x08001d54                EE_CORTEX_MX_DCMI_ISR
                0x08001d54                EE_CORTEX_MX_DMA2_STREAM0_ISR
                0x08001d54                EE_CORTEX_MX_SPI1_ISR
                0x08001d54                EE_cortex_mx_default_ISR
                0x08001d54                EE_CORTEX_MX_ETH_WKUP_ISR
                0x08001d54                EE_CORTEX_MX_TIM8_TRG_COM_TIM14_ISR
                0x08001d54                EE_CORTEX_MX_USAGE_FAULT_ISR
                0x08001d54                EE_CORTEX_MX_TIM7_ISR
                0x08001d54                EE_CORTEX_MX_TIM2_ISR
                0x08001d54                EE_CORTEX_MX_I2C1_EV_ISR
                0x08001d54                EE_CORTEX_MX_TIM1_TRG_COM_TIM11_ISR
                0x08001d54                EE_CORTEX_MX_UART5_ISR
                0x08001d54                EE_CORTEX_MX_UART4_ISR
                0x08001d54                EE_CORTEX_MX_NMI_ISR
                0x08001d54                EE_CORTEX_MX_TIM3_ISR
                0x08001d54                EE_CORTEX_MX_USART3_ISR
                0x08001d54                EE_CORTEX_MX_DMA2_STREAM4_ISR
                0x08001d54                EE_CORTEX_MX_EXTI4_ISR
                0x08001d54                EE_CORTEX_MX_ADC_ISR
                0x08001d54                EE_CORTEX_MX_OTG_HS_EP1_IN_ISR
                0x08001d54                EE_CORTEX_MX_DMA2_STREAM1_ISR
                0x08001d54                EE_CORTEX_MX_CAN1_TX_ISR
                0x08001d54                EE_CORTEX_MX_USART2_ISR
                0x08001d54                EE_CORTEX_MX_SDIO_ISR
                0x08001d54                EE_CORTEX_MX_I2C2_ER_ISR
                0x08001d54                EE_CORTEX_MX_I2C3_EV_ISR
                0x08001d54                EE_CORTEX_MX_HARD_FAULT_ISR
                0x08001d54                EE_CORTEX_MX_DMA1_STREAM3_ISR
                0x08001d54                EE_CORTEX_MX_OTG_HS_EP1_OUT_ISR
                0x08001d54                EE_CORTEX_MX_TIM8_BRK_TIM12_ISR
                0x08001d54                EE_CORTEX_MX_CAN1_SCE_ISR
                0x08001d54                EE_CORTEX_MX_DMA1_STREAM1_ISR
                0x08001d54                EE_CORTEX_MX_TIM4_ISR
                0x08001d54                EE_CORTEX_MX_DMA2_STREAM3_ISR
                0x08001d54                EE_CORTEX_MX_ETH_ISR
                0x08001d54                EE_CORTEX_MX_OTG_FS_ISR
                0x08001d54                EE_CORTEX_MX_CAN2_RX0_ISR
                0x08001d54                EE_CORTEX_MX_CAN2_SCE_ISR
                0x08001d54                EE_CORTEX_MX_FPU_ISR
                0x08001d54                EE_CORTEX_MX_RTC_WKUP_ISR
                0x08001d54                EE_CORTEX_MX_TIM8_UP_TIM13_ISR
                0x08001d54                EE_CORTEX_MX_OTG_FS_WKUP_ISR
                0x08001d54                EE_CORTEX_MX_DMA1_STREAM2_ISR
                0x08001d54                EE_CORTEX_MX_EXTI9_5_ISR
                0x08001d54                EE_CORTEX_MX_EXTI3_ISR
                0x08001d54                EE_CORTEX_MX_EXTI0_ISR
                0x08001d54                EE_CORTEX_MX_I2C1_ER_ISR
                0x08001d54                EE_CORTEX_MX_FLASH_ISR
                0x08001d54                EE_CORTEX_MX_OTG_HS_WKUP_ISR
                0x08001d54                EE_CORTEX_MX_TIM1_BRK_TIM9_ISR
                0x08001d54                EE_CORTEX_MX_I2C3_ER_ISR
                0x08001d54                EE_CORTEX_MX_TIM1_CC_ISR
                0x08001d54                EE_CORTEX_MX_SPI3_ISR
                0x08001d54                EE_CORTEX_MX_EXTI15_10_ISR
                0x08001d54                EE_CORTEX_MX_CAN2_TX_ISR
                0x08001d54                EE_CORTEX_MX_RCC_ISR
                0x08001d54                EE_CORTEX_MX_FSMC_ISR
                0x08001d54                EE_CORTEX_MX_DMA2_STREAM2_ISR
                0x08001d54                EE_CORTEX_MX_DMA2_STREAM7_ISR
                0x08001d54                EE_CORTEX_MX_EXTI1_ISR
                0x08001d54                EE_CORTEX_MX_DEBUG_MONITOR_ISR
                0x08001d54                EE_CORTEX_MX_WWDG_ISR
                0x08001d54                EE_CORTEX_MX_MPU_FAULT_ISR
                0x08001d54                EE_CORTEX_MX_HASH_RNG_ISR
                0x08001d54                EE_CORTEX_MX_DMA2_STREAM6_ISR
                0x08001d54                EE_CORTEX_MX_TIM5_ISR
                0x08001d54                EE_CORTEX_MX_DMA1_STREAM0_ISR
                0x08001d54                EE_CORTEX_MX_TAMP_STAMP_ISR
                0x08001d54                EE_CORTEX_MX_CAN2_RX1_ISR
                0x08001d54                EE_CORTEX_MX_DMA1_Stream7_ISR
 .text._exit    0x08001d58        0x6 obj/pkg/mcu/st_stm32_stm32f4xx/src/startup_stm32f4xx_gnu.o
                0x08001d58                _exit
 *fill*         0x08001d5e        0x2 
 .text          0x08001d60      0x25c obj/pkg/mcu/st_stm32_stm32f4xx/src/system_stm32f4xx.o
                0x08001d60                SystemInit
                0x08001dbc                SystemCoreClockUpdate
 .text          0x08001fbc       0x34 libee.a(ee_hal_structs.o)
 .text          0x08001ff0       0x9c libee.a(ee_utils.o)
                0x08002024                EE_system_init
 .text          0x0800208c       0x80 libee.a(ee_gnu_change_context_isr.o)
                0x0800208c                EE_set_switch_context_pri
                0x080020a6                EE_switch_context
                0x080020b0                EE_cortex_mx_pendsv_ISR
                0x080020ee                EE_cortex_mx_svc_ISR
 .text          0x0800210c      0x2c0 libee.a(ee_altick.o)
                0x08002140                EE_alarm_insert
                0x08002284                EE_alarm_CounterTick
 .text          0x080023cc       0x80 libee.a(ee_alsetrel.o)
                0x08002400                EE_alarm_SetRelAlarm
 .text          0x0800244c       0xa4 libee.a(ee_irqsc.o)
                0x08002480                EE_IRQ_end_instance
 .text          0x080024f0       0x78 libee.a(ee_rqexchg.o)
                0x08002524                EE_rq2stk_exchange
 .text          0x08002568       0xb4 libee.a(ee_rqinsert.o)
                0x0800259c                EE_rq_insert
 .text          0x0800261c       0x54 libee.a(ee_context.o)
                0x08002650                EE_cortex_mx_change_context
 .text          0x08002670       0x70 libee.a(ee_context.o)
                0x080026a4                EE_std_run_task_code
 .text          0x080026e0       0xfc libee.a(ee_thendin.o)
                0x08002714                EE_thread_end_instance
 .text          0x080027dc      0xa7c libstm32f4xxspd.a(stm32f4xx_adc.o)
                0x080027dc                ADC_DeInit
                0x080027f8                ADC_Init
                0x080028a0                ADC_StructInit
                0x080028dc                ADC_CommonInit
                0x0800292c                ADC_CommonStructInit
                0x08002958                ADC_Cmd
                0x08002990                ADC_AnalogWatchdogCmd
                0x080029c8                ADC_AnalogWatchdogThresholdsConfig
                0x080029f0                ADC_AnalogWatchdogSingleChannelConfig
                0x08002a28                ADC_TempSensorVrefintCmd
                0x08002a60                ADC_VBATCmd
                0x08002a98                ADC_RegularChannelConfig
                0x08002c2c                ADC_SoftwareStartConv
                0x08002c4c                ADC_GetSoftwareStartConvStatus
                0x08002c7c                ADC_EOCOnEachRegularChannelCmd
                0x08002cb4                ADC_ContinuousModeCmd
                0x08002cec                ADC_DiscModeChannelCountConfig
                0x08002d30                ADC_DiscModeCmd
                0x08002d68                ADC_GetConversionValue
                0x08002d80                ADC_GetMultiModeConversionValue
                0x08002d94                ADC_DMACmd
                0x08002dcc                ADC_DMARequestAfterLastTransferCmd
                0x08002e04                ADC_MultiModeDMARequestAfterLastTransferCmd
                0x08002e3c                ADC_InjectedChannelConfig
                0x08002f5c                ADC_InjectedSequencerLengthConfig
                0x08002fa0                ADC_SetInjectedOffset
                0x08002fd4                ADC_ExternalTrigInjectedConvConfig
                0x08003008                ADC_ExternalTrigInjectedConvEdgeConfig
                0x0800303c                ADC_SoftwareStartInjectedConv
                0x0800305c                ADC_GetSoftwareStartInjectedConvCmdStatus
                0x0800308c                ADC_AutoInjectedConvCmd
                0x080030c4                ADC_InjectedDiscModeCmd
                0x080030fc                ADC_GetInjectedConversionValue
                0x0800312c                ADC_ITConfig
                0x0800317c                ADC_GetFlagStatus
                0x080031b0                ADC_ClearFlag
                0x080031d0                ADC_GetITStatus
                0x0800322c                ADC_ClearITPendingBit
 .text          0x08003258      0xf98 libstm32f4xxspd.a(stm32f4xx_can.o)
                0x08003258                CAN_DeInit
                0x080032a0                CAN_Init
                0x08003440                CAN_FilterInit
                0x080035b4                CAN_StructInit
                0x08003608                CAN_SlaveStartBank
                0x08003668                CAN_DBGFreeze
                0x080036a0                CAN_TTComModeCmd
                0x08003738                CAN_Transmit
                0x080038cc                CAN_TransmitStatus
                0x080039a0                CAN_CancelTransmit
                0x080039f0                CAN_Receive
                0x08003b64                CAN_FIFORelease
                0x08003b9c                CAN_MessagePending
                0x08003be4                CAN_OperatingModeRequest
                0x08003ce0                CAN_Sleep
                0x08003d18                CAN_WakeUp
                0x08003d6c                CAN_GetLastErrorCode
                0x08003d90                CAN_GetReceiveErrorCounter
                0x08003db4                CAN_GetLSBTransmitErrorCounter
                0x08003dd8                CAN_ITConfig
                0x08003e14                CAN_GetFlagStatus
                0x08003ee0                CAN_ClearFlag
                0x08003f50                CAN_GetITStatus
                0x080040e4                CAN_ClearITPendingBit
 .text          0x080041f0      0x700 libstm32f4xxspd.a(stm32f4xx_dma.o)
                0x080041f0                DMA_DeInit
                0x08004394                DMA_Init
                0x08004440                DMA_StructInit
                0x080044ac                DMA_Cmd
                0x080044e4                DMA_PeriphIncOffsetSizeConfig
                0x08004518                DMA_FlowControllerConfig
                0x0800454c                DMA_SetCurrDataCounter
                0x08004568                DMA_GetCurrDataCounter
                0x08004580                DMA_DoubleBufferModeConfig
                0x080045bc                DMA_DoubleBufferModeCmd
                0x080045f4                DMA_MemoryTargetConfig
                0x08004620                DMA_GetCurrentMemoryTarget
                0x08004650                DMA_GetCmdStatus
                0x08004680                DMA_GetFIFOStatus
                0x080046a4                DMA_GetFlagStatus
                0x08004718                DMA_ClearFlag
                0x08004774                DMA_ITConfig
                0x080047e8                DMA_GetITStatus
                0x08004894                DMA_ClearITPendingBit
 .text          0x080048f0      0x484 libstm32f4xxspd.a(stm32f4xx_gpio.o)
                0x080048f0                GPIO_DeInit
                0x08004a10                GPIO_Init
                0x08004b2c                GPIO_StructInit
                0x08004b60                GPIO_PinLockConfig
                0x08004ba4                GPIO_ReadInputDataBit
                0x08004bd8                GPIO_ReadInputData
                0x08004bf0                GPIO_ReadOutputDataBit
                0x08004c24                GPIO_ReadOutputData
                0x08004c3c                GPIO_SetBits
                0x08004c58                GPIO_ResetBits
                0x08004c74                GPIO_WriteBit
                0x08004ca4                GPIO_Write
                0x08004cc0                GPIO_ToggleBits
                0x08004ce4                GPIO_PinAFConfig
 .text          0x08004d74      0x980 libstm32f4xxspd.a(stm32f4xx_i2c.o)
                0x08004d74                I2C_DeInit
                0x08004de8                I2C_Init
                0x08004f6c                I2C_StructInit
                0x08004fa8                I2C_Cmd
                0x08004fe8                I2C_GenerateSTART
                0x08005028                I2C_GenerateSTOP
                0x08005068                I2C_Send7bitAddress
                0x080050a4                I2C_AcknowledgeConfig
                0x080050e4                I2C_OwnAddress2Config
                0x08005128                I2C_DualAddressCmd
                0x08005168                I2C_GeneralCallCmd
                0x080051a8                I2C_SoftwareResetCmd
                0x080051ec                I2C_StretchClockCmd
                0x0800522c                I2C_FastModeDutyCycleConfig
                0x0800526c                I2C_NACKPositionConfig
                0x080052ac                I2C_SMBusAlertConfig
                0x080052ec                I2C_ARPCmd
                0x0800532c                I2C_SendData
                0x0800534c                I2C_ReceiveData
                0x08005368                I2C_TransmitPEC
                0x080053a8                I2C_PECPositionConfig
                0x080053e8                I2C_CalculatePEC
                0x08005428                I2C_GetPEC
                0x08005448                I2C_DMACmd
                0x08005488                I2C_DMALastTransferCmd
                0x080054c8                I2C_ReadRegister
                0x080054f4                I2C_ITConfig
                0x0800553c                I2C_CheckEvent
                0x0800559c                I2C_GetLastEvent
                0x080055e0                I2C_GetFlagStatus
                0x08005644                I2C_ClearFlag
                0x08005670                I2C_GetITStatus
                0x080056c8                I2C_ClearITPendingBit
 .text          0x080056f4      0xa78 libstm32f4xxspd.a(stm32f4xx_rcc.o)
                0x080056f4                RCC_DeInit
                0x08005744                RCC_HSEConfig
                0x08005768                RCC_WaitForHSEStartUp
                0x080057b8                RCC_AdjustHSICalibrationValue
                0x080057f4                RCC_HSICmd
                0x08005814                RCC_LSEConfig
                0x08005854                RCC_LSICmd
                0x08005874                RCC_PLLConfig
                0x080058b0                RCC_PLLCmd
                0x080058d0                RCC_PLLI2SConfig
                0x080058f8                RCC_PLLI2SCmd
                0x08005918                RCC_ClockSecuritySystemCmd
                0x08005938                RCC_MCO1Config
                0x08005974                RCC_MCO2Config
                0x080059b0                RCC_SYSCLKConfig
                0x080059e8                RCC_GetSYSCLKSource
                0x08005a04                RCC_HCLKConfig
                0x08005a3c                RCC_PCLK1Config
                0x08005a74                RCC_PCLK2Config
                0x08005aac                RCC_GetClocksFreq
                0x08005c00                RCC_RTCCLKConfig
                0x08005c5c                RCC_RTCCLKCmd
                0x08005c7c                RCC_BackupResetCmd
                0x08005c9c                RCC_I2SCLKConfig
                0x08005cb8                RCC_AHB1PeriphClockCmd
                0x08005cf4                RCC_AHB2PeriphClockCmd
                0x08005d30                RCC_AHB3PeriphClockCmd
                0x08005d6c                RCC_APB1PeriphClockCmd
                0x08005da8                RCC_APB2PeriphClockCmd
                0x08005de4                RCC_AHB1PeriphResetCmd
                0x08005e20                RCC_AHB2PeriphResetCmd
                0x08005e5c                RCC_AHB3PeriphResetCmd
                0x08005e98                RCC_APB1PeriphResetCmd
                0x08005ed4                RCC_APB2PeriphResetCmd
                0x08005f10                RCC_AHB1PeriphClockLPModeCmd
                0x08005f4c                RCC_AHB2PeriphClockLPModeCmd
                0x08005f88                RCC_AHB3PeriphClockLPModeCmd
                0x08005fc4                RCC_APB1PeriphClockLPModeCmd
                0x08006000                RCC_APB2PeriphClockLPModeCmd
                0x0800603c                RCC_ITConfig
                0x08006088                RCC_GetFlagStatus
                0x080060fc                RCC_ClearFlag
                0x08006118                RCC_GetITStatus
                0x0800614c                RCC_ClearITPendingBit
 .text          0x0800616c     0x1c00 libstm32f4xxspd.a(stm32f4xx_tim.o)
                0x0800616c                TIM_DeInit
                0x0800632c                TIM_TimeBaseInit
                0x08006400                TIM_TimeBaseStructInit
                0x08006434                TIM_PrescalerConfig
                0x0800645c                TIM_CounterModeConfig
                0x08006494                TIM_SetCounter
                0x080064b0                TIM_SetAutoreload
                0x080064cc                TIM_GetCounter
                0x080064e4                TIM_GetPrescaler
                0x080064fc                TIM_UpdateDisableConfig
                0x0800653c                TIM_UpdateRequestConfig
                0x0800657c                TIM_ARRPreloadConfig
                0x080065bc                TIM_SelectOnePulseMode
                0x080065f4                TIM_SetClockDivision
                0x0800662c                TIM_Cmd
                0x0800666c                TIM_OC1Init
                0x08006760                TIM_OC2Init
                0x08006870                TIM_OC3Init
                0x0800697c                TIM_OC4Init
                0x08006a48                TIM_OCStructInit
                0x08006a8c                TIM_SelectOCxM
                0x08006b3c                TIM_SetCompare1
                0x08006b58                TIM_SetCompare2
                0x08006b74                TIM_SetCompare3
                0x08006b90                TIM_SetCompare4
                0x08006bac                TIM_ForcedOC1Config
                0x08006be4                TIM_ForcedOC2Config
                0x08006c20                TIM_ForcedOC3Config
                0x08006c58                TIM_ForcedOC4Config
                0x08006c94                TIM_OC1PreloadConfig
                0x08006ccc                TIM_OC2PreloadConfig
                0x08006d08                TIM_OC3PreloadConfig
                0x08006d40                TIM_OC4PreloadConfig
                0x08006d7c                TIM_OC1FastConfig
                0x08006db4                TIM_OC2FastConfig
                0x08006df0                TIM_OC3FastConfig
                0x08006e28                TIM_OC4FastConfig
                0x08006e64                TIM_ClearOC1Ref
                0x08006e9c                TIM_ClearOC2Ref
                0x08006ed8                TIM_ClearOC3Ref
                0x08006f10                TIM_ClearOC4Ref
                0x08006f4c                TIM_OC1PolarityConfig
                0x08006f84                TIM_OC1NPolarityConfig
                0x08006fbc                TIM_OC2PolarityConfig
                0x08006ff8                TIM_OC2NPolarityConfig
                0x08007034                TIM_OC3PolarityConfig
                0x08007070                TIM_OC3NPolarityConfig
                0x080070ac                TIM_OC4PolarityConfig
                0x080070e8                TIM_CCxCmd
                0x08007140                TIM_CCxNCmd
                0x08007198                TIM_ICInit
                0x08007240                TIM_ICStructInit
                0x08007270                TIM_PWMIConfig
                0x08007328                TIM_GetCapture1
                0x08007340                TIM_GetCapture2
                0x08007358                TIM_GetCapture3
                0x08007370                TIM_GetCapture4
                0x08007388                TIM_SetIC1Prescaler
                0x080073c0                TIM_SetIC2Prescaler
                0x080073fc                TIM_SetIC3Prescaler
                0x08007434                TIM_SetIC4Prescaler
                0x08007470                TIM_BDTRConfig
                0x080074c0                TIM_BDTRStructInit
                0x080074fc                TIM_CtrlPWMOutputs
                0x08007548                TIM_SelectCOM
                0x08007588                TIM_CCPreloadControl
                0x080075c8                TIM_ITConfig
                0x08007610                TIM_GenerateEvent
                0x0800762c                TIM_GetFlagStatus
                0x08007664                TIM_ClearFlag
                0x08007684                TIM_GetITStatus
                0x080076d8                TIM_ClearITPendingBit
                0x080076f8                TIM_DMAConfig
                0x08007720                TIM_DMACmd
                0x08007768                TIM_SelectCCDMA
                0x080077a8                TIM_InternalClockConfig
                0x080077cc                TIM_ITRxExternalClockConfig
                0x080077fc                TIM_TIxExternalClockConfig
                0x08007858                TIM_ETRClockMode1Config
                0x080078b8                TIM_ETRClockMode2Config
                0x080078f8                TIM_SelectInputTrigger
                0x08007930                TIM_SelectOutputTrigger
                0x08007968                TIM_SelectSlaveMode
                0x080079a0                TIM_SelectMasterSlaveMode
                0x080079d8                TIM_ETRConfig
                0x08007a2c                TIM_EncoderInterfaceConfig
                0x08007ac4                TIM_SelectHallSensor
                0x08007b04                TIM_RemapConfig
 .text          0x08007d6c      0x370 c:/gnuarm~1/bin/../lib/gcc/arm-none-eabi/5.4.1/armv7e-m\libgcc.a(_arm_addsubdf3.o)
                0x08007d6c                __aeabi_drsub
                0x08007d74                __aeabi_dsub
                0x08007d74                __subdf3
                0x08007d78                __aeabi_dadd
                0x08007d78                __adddf3
                0x08007ff0                __floatunsidf
                0x08007ff0                __aeabi_ui2d
                0x08008010                __floatsidf
                0x08008010                __aeabi_i2d
                0x08008034                __aeabi_f2d
                0x08008034                __extendsfdf2
                0x08008070                __floatundidf
                0x08008070                __aeabi_ul2d
                0x08008080                __floatdidf
                0x08008080                __aeabi_l2d
 .text          0x080080dc      0x424 c:/gnuarm~1/bin/../lib/gcc/arm-none-eabi/5.4.1/armv7e-m\libgcc.a(_arm_muldivdf3.o)
                0x080080dc                __aeabi_dmul
                0x080080dc                __muldf3
                0x08008330                __divdf3
                0x08008330                __aeabi_ddiv
 .text          0x08008500      0x110 c:/gnuarm~1/bin/../lib/gcc/arm-none-eabi/5.4.1/armv7e-m\libgcc.a(_arm_cmpdf2.o)
                0x08008500                __gtdf2
                0x08008500                __gedf2
                0x08008508                __ltdf2
                0x08008508                __ledf2
                0x08008510                __nedf2
                0x08008510                __eqdf2
                0x08008510                __cmpdf2
                0x0800858c                __aeabi_cdrcmple
                0x0800859c                __aeabi_cdcmpeq
                0x0800859c                __aeabi_cdcmple
                0x080085ac                __aeabi_dcmpeq
                0x080085c0                __aeabi_dcmplt
                0x080085d4                __aeabi_dcmple
                0x080085e8                __aeabi_dcmpge
                0x080085fc                __aeabi_dcmpgt
 .text          0x08008610       0xa0 c:/gnuarm~1/bin/../lib/gcc/arm-none-eabi/5.4.1/armv7e-m\libgcc.a(_arm_truncdfsf2.o)
                0x08008610                __truncdfsf2
                0x08008610                __aeabi_d2f
 .text          0x080086b0      0x21c c:/gnuarm~1/bin/../lib/gcc/arm-none-eabi/5.4.1/armv7e-m\libgcc.a(_arm_addsubsf3.o)
                0x080086b0                __aeabi_frsub
                0x080086b8                __subsf3
                0x080086b8                __aeabi_fsub
                0x080086bc                __aeabi_fadd
                0x080086bc                __addsf3
                0x0800881c                __aeabi_ui2f
                0x0800881c                __floatunsisf
                0x08008824                __aeabi_i2f
                0x08008824                __floatsisf
                0x08008840                __aeabi_ul2f
                0x08008840                __floatundisf
                0x08008850                __aeabi_l2f
                0x08008850                __floatdisf
 .text          0x080088cc      0x2a0 c:/gnuarm~1/bin/../lib/gcc/arm-none-eabi/5.4.1/armv7e-m\libgcc.a(_arm_muldivsf3.o)
                0x080088cc                __mulsf3
                0x080088cc                __aeabi_fmul
                0x08008a34                __aeabi_fdiv
                0x08008a34                __divsf3
 .text          0x08008b6c       0xec c:/gnuarm~1/bin/../lib/gcc/arm-none-eabi/5.4.1/armv7e-m\libgcc.a(_arm_cmpsf2.o)
                0x08008b6c                __gesf2
                0x08008b6c                __gtsf2
                0x08008b74                __lesf2
                0x08008b74                __ltsf2
                0x08008b7c                __nesf2
                0x08008b7c                __eqsf2
                0x08008b7c                __cmpsf2
                0x08008bdc                __aeabi_cfrcmple
                0x08008be4                __aeabi_cfcmpeq
                0x08008be4                __aeabi_cfcmple
                0x08008bf4                __aeabi_fcmpeq
                0x08008c08                __aeabi_fcmplt
                0x08008c1c                __aeabi_fcmple
                0x08008c30                __aeabi_fcmpge
                0x08008c44                __aeabi_fcmpgt
 .text          0x08008c58       0x40 c:/gnuarm~1/bin/../lib/gcc/arm-none-eabi/5.4.1/armv7e-m\libgcc.a(_arm_fixunssfsi.o)
                0x08008c58                __fixunssfsi
                0x08008c58                __aeabi_f2uiz
 .text          0x08008c98        0x0 C:\GNUARM~1\arm-none-eabi\lib\thumb\libc.a(lib_a-exit.o)
 .text.exit     0x08008c98       0x28 C:\GNUARM~1\arm-none-eabi\lib\thumb\libc.a(lib_a-exit.o)
                0x08008c98                exit
 .text          0x08008cc0        0x0 C:\GNUARM~1\arm-none-eabi\lib\thumb\libc.a(lib_a-impure.o)
 .text          0x08008cc0        0x0 C:\GNUARM~1\arm-none-eabi\lib\thumb\libc.a(lib_a-init.o)
 .text.__libc_init_array
                0x08008cc0       0x58 C:\GNUARM~1\arm-none-eabi\lib\thumb\libc.a(lib_a-init.o)
                0x08008cc0                __libc_init_array
 .text          0x08008d18        0x0 C:\GNUARM~1\arm-none-eabi\lib\thumb\libc.a(lib_a-memset.o)
 .text.memset   0x08008d18       0x94 C:\GNUARM~1\arm-none-eabi\lib\thumb\libc.a(lib_a-memset.o)
                0x08008d18                memset
 .text          0x08008dac        0x0 C:\GNUARM~1\arm-none-eabi\lib\thumb\libc.a(lib_a-__call_atexit.o)
 .text.startup.register_fini
                0x08008dac       0x1c C:\GNUARM~1\arm-none-eabi\lib\thumb\libc.a(lib_a-__call_atexit.o)
 .text.__call_exitprocs
                0x08008dc8      0x10c C:\GNUARM~1\arm-none-eabi\lib\thumb\libc.a(lib_a-__call_atexit.o)
                0x08008dc8                __call_exitprocs
 .text          0x08008ed4        0x0 C:\GNUARM~1\arm-none-eabi\lib\thumb\libc.a(lib_a-atexit.o)
 .text.atexit   0x08008ed4       0x14 C:\GNUARM~1\arm-none-eabi\lib\thumb\libc.a(lib_a-atexit.o)
                0x08008ed4                atexit
 .text          0x08008ee8        0x0 C:\GNUARM~1\arm-none-eabi\lib\thumb\libc.a(lib_a-fini.o)
 .text.__libc_fini_array
                0x08008ee8       0x3c C:\GNUARM~1\arm-none-eabi\lib\thumb\libc.a(lib_a-fini.o)
                0x08008ee8                __libc_fini_array
 .text          0x08008f24        0x0 C:\GNUARM~1\arm-none-eabi\lib\thumb\libc.a(lib_a-__atexit.o)
 .text.__register_exitproc
                0x08008f24       0xd8 C:\GNUARM~1\arm-none-eabi\lib\thumb\libc.a(lib_a-__atexit.o)
                0x08008f24                __register_exitproc
 .text          0x08008ffc        0x0 C:\GNUARM~1\arm-none-eabi\lib\thumb\libm.a(lib_a-sf_round.o)
 .text.roundf   0x08008ffc       0x50 C:\GNUARM~1\arm-none-eabi\lib\thumb\libm.a(lib_a-sf_round.o)
                0x08008ffc                roundf
 .text          0x0800904c        0x0 c:/gnuarm~1/bin/../lib/gcc/arm-none-eabi/5.4.1/armv7e-m/crtend.o
 .text          0x0800904c        0x0 c:/gnuarm~1/bin/../lib/gcc/arm-none-eabi/5.4.1/armv7e-m/crtn.o
 *(.init)
 .init          0x0800904c        0x4 c:/gnuarm~1/bin/../lib/gcc/arm-none-eabi/5.4.1/armv7e-m/crti.o
                0x0800904c                _init
 .init          0x08009050        0x8 c:/gnuarm~1/bin/../lib/gcc/arm-none-eabi/5.4.1/armv7e-m/crtn.o
 *(.fini)
 .fini          0x08009058        0x4 c:/gnuarm~1/bin/../lib/gcc/arm-none-eabi/5.4.1/armv7e-m/crti.o
                0x08009058                _fini
 .fini          0x0800905c        0x8 c:/gnuarm~1/bin/../lib/gcc/arm-none-eabi/5.4.1/armv7e-m/crtn.o
 *crtbegin.o(.ctors)
 *crtbegin.o(.ctors)
 *crtbegin?.o(.ctors)
 *(EXCLUDE_FILE(*crtend.o *crtend?.o) .ctors)
 *(SORT(.ctors.*))
 *(.ctors)
 *crtbegin.o(.dtors)
 *crtbegin?.o(.dtors)
 *(EXCLUDE_FILE(*crtend.o *crtend?.o) .dtors)
 *(SORT(.dtors.*))
 *(.dtors)
 *(.rodata*)
 .rodata        0x08009064       0x8c obj/eecfg.o
                0x08009064                EE_hal_thread_body
                0x08009078                EE_th_ready_prio
                0x0800908c                EE_th_dispatch_prio
                0x080090a0                EE_alarm_ROM
 .rodata        0x080090f0        0xc obj/ek_EcuA/IoHwA.o
                0x080090f0                a_curv
                0x080090f4                b_curv
                0x080090f8                c_curv
 .rodata        0x080090fc       0x10 obj/pkg/mcu/st_stm32_stm32f4xx/src/system_stm32f4xx.o
 .rodata.str1.4
                0x0800910c        0x4 C:\GNUARM~1\arm-none-eabi\lib\thumb\libc.a(lib_a-impure.o)
                                  0x2 (size before relaxing)
 .rodata._global_impure_ptr
                0x08009110        0x4 C:\GNUARM~1\arm-none-eabi\lib\thumb\libc.a(lib_a-impure.o)
                0x08009110                _global_impure_ptr
 *(.eh_frame*)
 .eh_frame      0x08009114        0x0 c:/gnuarm~1/bin/../lib/gcc/arm-none-eabi/5.4.1/armv7e-m/crtbegin.o
 .eh_frame      0x08009114        0x4 c:/gnuarm~1/bin/../lib/gcc/arm-none-eabi/5.4.1/armv7e-m/crtend.o

.glue_7         0x08009118        0x0
 .glue_7        0x08009118        0x0 linker stubs

.glue_7t        0x08009118        0x0
 .glue_7t       0x08009118        0x0 linker stubs

.vfp11_veneer   0x08009118        0x0
 .vfp11_veneer  0x08009118        0x0 linker stubs

.v4_bx          0x08009118        0x0
 .v4_bx         0x08009118        0x0 linker stubs

.iplt           0x08009118        0x0
 .iplt          0x08009118        0x0 c:/gnuarm~1/bin/../lib/gcc/arm-none-eabi/5.4.1/armv7e-m/crtbegin.o

.ARM.extab      0x08009118        0x0
 *(.ARM.extab* .gnu.linkonce.armextab.*)
 .ARM.extab     0x08009118        0x0 c:/gnuarm~1/bin/../lib/gcc/arm-none-eabi/5.4.1/../../../../arm-none-eabi/lib/armv7e-m/crt0.o
                0x08009118                __exidx_start = .

.ARM.exidx      0x08009118        0x8
 *(.ARM.exidx* .gnu.linkonce.armexidx.*)
 .ARM.exidx     0x08009118        0x8 c:/gnuarm~1/bin/../lib/gcc/arm-none-eabi/5.4.1/../../../../arm-none-eabi/lib/armv7e-m/crt0.o
                0x08009120                __exidx_end = .
                0x08009120                __etext = .

.rel.dyn        0x08009120        0x0
 .rel.iplt      0x08009120        0x0 c:/gnuarm~1/bin/../lib/gcc/arm-none-eabi/5.4.1/armv7e-m/crtbegin.o

.data           0x20000000      0x47c load address 0x08009120
                0x20000000                __data_start__ = .
 *(vtable)
 *(.data*)
 .data          0x20000000        0x0 c:/gnuarm~1/bin/../lib/gcc/arm-none-eabi/5.4.1/armv7e-m/crti.o
 .data          0x20000000        0x4 c:/gnuarm~1/bin/../lib/gcc/arm-none-eabi/5.4.1/armv7e-m/crtbegin.o
                0x20000000                __dso_handle
 .data          0x20000004        0x0 c:/gnuarm~1/bin/../lib/gcc/arm-none-eabi/5.4.1/../../../../arm-none-eabi/lib/armv7e-m/crt0.o
 .data          0x20000004        0x0 obj/ISR.o
 .data          0x20000004        0x0 obj/TASKs.o
 .data          0x20000004       0x24 obj/eecfg.o
                0x20000004                EE_th_next
                0x20000018                EE_stkfirst
                0x2000001c                EE_rqfirst
                0x20000020                EE_counter_RAM
 .data          0x20000028        0x0 obj/ek_ComA/ek_ComHwA/ek_CAN_init.o
 .data          0x20000028        0x0 obj/ek_ComA/ek_ComS.o
 .data          0x20000028        0x0 obj/ek_EcuA/IoHwA.o
 .data          0x20000028        0x0 obj/ek_EcuA/ek_IoHwA/ek_ADC_init.o
 .data          0x20000028        0x0 obj/ek_EcuA/ek_IoHwA/ek_I2C_init.o
 .data          0x20000028        0x0 obj/ek_EcuA/ek_IoHwA/ek_PWM_init.o
 .data          0x20000028        0x0 obj/ek_EcuA/ek_MCAL/ek_GPIOx_init.o
 .data          0x20000028        0x0 obj/ek_RTE/Rte_Main.o
 .data          0x20000028        0x0 obj/ek_RTE/Rte_Vfb.o
 .data          0x20000028        0x0 obj/ek_SW_Component/SWC_Controller.o
 .data          0x20000028        0x0 obj/main.o
 .data          0x20000028        0x0 obj/pkg/mcu/st_stm32_stm32f4xx/src/startup_stm32f4xx_gnu.o
 .data          0x20000028        0x4 obj/pkg/mcu/st_stm32_stm32f4xx/src/system_stm32f4xx.o
                0x20000028                SystemCoreClock
 .data          0x2000002c        0x0 libee.a(ee_hal_structs.o)
 .data          0x2000002c        0x0 libee.a(ee_utils.o)
 .data          0x2000002c        0x0 libee.a(ee_gnu_change_context_isr.o)
 .data          0x2000002c        0x0 libee.a(ee_altick.o)
 .data          0x2000002c        0x0 libee.a(ee_alsetrel.o)
 .data          0x2000002c        0x0 libee.a(ee_irqsc.o)
 .data          0x2000002c        0x0 libee.a(ee_rqexchg.o)
 .data          0x2000002c        0x0 libee.a(ee_rqinsert.o)
 .data          0x2000002c        0x0 libee.a(ee_context.o)
 .data          0x2000002c        0x0 libee.a(ee_context.o)
 .data          0x2000002c        0x0 libee.a(ee_thendin.o)
 .data          0x2000002c        0x0 libstm32f4xxspd.a(stm32f4xx_adc.o)
 .data          0x2000002c        0x0 libstm32f4xxspd.a(stm32f4xx_can.o)
 .data          0x2000002c        0x0 libstm32f4xxspd.a(stm32f4xx_dma.o)
 .data          0x2000002c        0x0 libstm32f4xxspd.a(stm32f4xx_gpio.o)
 .data          0x2000002c        0x0 libstm32f4xxspd.a(stm32f4xx_i2c.o)
 .data          0x2000002c       0x10 libstm32f4xxspd.a(stm32f4xx_rcc.o)
 .data          0x2000003c        0x0 libstm32f4xxspd.a(stm32f4xx_tim.o)
 .data          0x2000003c        0x0 c:/gnuarm~1/bin/../lib/gcc/arm-none-eabi/5.4.1/armv7e-m\libgcc.a(_arm_addsubdf3.o)
 .data          0x2000003c        0x0 c:/gnuarm~1/bin/../lib/gcc/arm-none-eabi/5.4.1/armv7e-m\libgcc.a(_arm_muldivdf3.o)
 .data          0x2000003c        0x0 c:/gnuarm~1/bin/../lib/gcc/arm-none-eabi/5.4.1/armv7e-m\libgcc.a(_arm_cmpdf2.o)
 .data          0x2000003c        0x0 c:/gnuarm~1/bin/../lib/gcc/arm-none-eabi/5.4.1/armv7e-m\libgcc.a(_arm_truncdfsf2.o)
 .data          0x2000003c        0x0 c:/gnuarm~1/bin/../lib/gcc/arm-none-eabi/5.4.1/armv7e-m\libgcc.a(_arm_addsubsf3.o)
 .data          0x2000003c        0x0 c:/gnuarm~1/bin/../lib/gcc/arm-none-eabi/5.4.1/armv7e-m\libgcc.a(_arm_muldivsf3.o)
 .data          0x2000003c        0x0 c:/gnuarm~1/bin/../lib/gcc/arm-none-eabi/5.4.1/armv7e-m\libgcc.a(_arm_cmpsf2.o)
 .data          0x2000003c        0x0 c:/gnuarm~1/bin/../lib/gcc/arm-none-eabi/5.4.1/armv7e-m\libgcc.a(_arm_fixunssfsi.o)
 .data          0x2000003c        0x0 C:\GNUARM~1\arm-none-eabi\lib\thumb\libc.a(lib_a-exit.o)
 .data          0x2000003c        0x0 C:\GNUARM~1\arm-none-eabi\lib\thumb\libc.a(lib_a-impure.o)
 *fill*         0x2000003c        0x4 
 .data.impure_data
                0x20000040      0x428 C:\GNUARM~1\arm-none-eabi\lib\thumb\libc.a(lib_a-impure.o)
 .data._impure_ptr
                0x20000468        0x4 C:\GNUARM~1\arm-none-eabi\lib\thumb\libc.a(lib_a-impure.o)
                0x20000468                _impure_ptr
 .data          0x2000046c        0x0 C:\GNUARM~1\arm-none-eabi\lib\thumb\libc.a(lib_a-init.o)
 .data          0x2000046c        0x0 C:\GNUARM~1\arm-none-eabi\lib\thumb\libc.a(lib_a-memset.o)
 .data          0x2000046c        0x0 C:\GNUARM~1\arm-none-eabi\lib\thumb\libc.a(lib_a-__call_atexit.o)
 .data          0x2000046c        0x0 C:\GNUARM~1\arm-none-eabi\lib\thumb\libc.a(lib_a-atexit.o)
 .data          0x2000046c        0x0 C:\GNUARM~1\arm-none-eabi\lib\thumb\libc.a(lib_a-fini.o)
 .data          0x2000046c        0x0 C:\GNUARM~1\arm-none-eabi\lib\thumb\libc.a(lib_a-__atexit.o)
 .data          0x2000046c        0x0 C:\GNUARM~1\arm-none-eabi\lib\thumb\libm.a(lib_a-sf_round.o)
 .data          0x2000046c        0x0 c:/gnuarm~1/bin/../lib/gcc/arm-none-eabi/5.4.1/armv7e-m/crtend.o
 .data          0x2000046c        0x0 c:/gnuarm~1/bin/../lib/gcc/arm-none-eabi/5.4.1/armv7e-m/crtn.o
                0x2000046c                . = ALIGN (0x4)
                0x2000046c                PROVIDE (__preinit_array_start, .)
 *(.preinit_array)
                0x2000046c                PROVIDE (__preinit_array_end, .)
                0x2000046c                . = ALIGN (0x4)
                0x2000046c                PROVIDE (__init_array_start, .)
 *(SORT(.init_array.*))
 .init_array.00000
                0x2000046c        0x4 C:\GNUARM~1\arm-none-eabi\lib\thumb\libc.a(lib_a-__call_atexit.o)
 *(.init_array)
 .init_array    0x20000470        0x4 c:/gnuarm~1/bin/../lib/gcc/arm-none-eabi/5.4.1/armv7e-m/crtbegin.o
                0x20000474                PROVIDE (__init_array_end, .)
                0x20000474                . = ALIGN (0x4)
                0x20000474                PROVIDE (__fini_array_start, .)
 *(SORT(.fini_array.*))
 *(.fini_array)
 .fini_array    0x20000474        0x4 c:/gnuarm~1/bin/../lib/gcc/arm-none-eabi/5.4.1/armv7e-m/crtbegin.o
                0x20000478                PROVIDE (__fini_array_end, .)
 *(.jcr*)
 .jcr           0x20000478        0x0 c:/gnuarm~1/bin/../lib/gcc/arm-none-eabi/5.4.1/armv7e-m/crtbegin.o
 .jcr           0x20000478        0x4 c:/gnuarm~1/bin/../lib/gcc/arm-none-eabi/5.4.1/armv7e-m/crtend.o
                0x2000047c                . = ALIGN (0x4)
                0x2000047c                __data_end__ = .

.igot.plt       0x2000047c        0x0 load address 0x0800959c
 .igot.plt      0x2000047c        0x0 c:/gnuarm~1/bin/../lib/gcc/arm-none-eabi/5.4.1/armv7e-m/crtbegin.o

.bss            0x2000047c      0x168 load address 0x0800959c
                0x2000047c                . = ALIGN (0x4)
                0x2000047c                __bss_start__ = .
 *(.bss*)
 .bss           0x2000047c        0x0 c:/gnuarm~1/bin/../lib/gcc/arm-none-eabi/5.4.1/armv7e-m/crti.o
 .bss           0x2000047c       0x1c c:/gnuarm~1/bin/../lib/gcc/arm-none-eabi/5.4.1/armv7e-m/crtbegin.o
 .bss           0x20000498        0x0 c:/gnuarm~1/bin/../lib/gcc/arm-none-eabi/5.4.1/../../../../arm-none-eabi/lib/armv7e-m/crt0.o
 .bss           0x20000498        0x4 obj/ISR.o
                0x20000498                can_rx_cntr
 .bss           0x2000049c        0x0 obj/TASKs.o
 .bss           0x2000049c        0x4 obj/eecfg.o
                0x2000049c                EE_sys_ceiling
 .bss           0x200004a0        0x0 obj/ek_ComA/ek_ComHwA/ek_CAN_init.o
 .bss           0x200004a0        0x0 obj/ek_ComA/ek_ComS.o
 .bss           0x200004a0       0x5c obj/ek_EcuA/IoHwA.o
                0x200004a0                y_curv
                0x200004a4                SpannungADC
                0x200004a8                SpannungVolt
                0x200004ac                status_DistanceSensorIF
                0x200004ad                status_DistanceSensorUS
                0x200004b0                dist_sampleIR
                0x200004b4                dist_sampleUS
                0x200004b8                dist_sampleIRFiltered
                0x200004bc                dist_sampleUSFiltered
                0x200004c0                old_dist_sample
                0x200004c4                old_dist_sampleIRFiltered
                0x200004c8                old_dist_sampleUSFiltered
                0x200004cc                avg_array
                0x200004f4                cnt_i
                0x200004f8                countRounds
 .bss           0x200004fc        0x0 obj/ek_EcuA/ek_IoHwA/ek_ADC_init.o
 .bss           0x200004fc        0x0 obj/ek_EcuA/ek_IoHwA/ek_I2C_init.o
 .bss           0x200004fc        0x0 obj/ek_EcuA/ek_IoHwA/ek_PWM_init.o
 .bss           0x200004fc        0x0 obj/ek_EcuA/ek_MCAL/ek_GPIOx_init.o
 .bss           0x200004fc        0x0 obj/ek_RTE/Rte_Main.o
 .bss           0x200004fc        0x0 obj/ek_RTE/Rte_Vfb.o
 .bss           0x200004fc       0x34 obj/ek_SW_Component/SWC_Controller.o
                0x200004fc                distance_value
                0x20000500                distance_change
                0x20000504                current_distance
                0x20000508                prev_distance
                0x2000050c                firstTime
                0x20000510                returnDistance
                0x20000514                returnDistance2
                0x20000518                searchMode
                0x2000051c                searchStep
                0x20000520                searchTicks
                0x20000524                speed_override_active
                0x20000528                speed_left
                0x2000052c                speed_right
 .bss           0x20000530        0x0 obj/main.o
 .bss           0x20000530        0x0 obj/pkg/mcu/st_stm32_stm32f4xx/src/startup_stm32f4xx_gnu.o
 .bss           0x20000530        0x0 obj/pkg/mcu/st_stm32_stm32f4xx/src/system_stm32f4xx.o
 .bss           0x20000530        0x0 libee.a(ee_hal_structs.o)
 .bss           0x20000530        0x0 libee.a(ee_utils.o)
 .bss           0x20000530        0x0 libee.a(ee_gnu_change_context_isr.o)
 .bss           0x20000530        0x0 libee.a(ee_altick.o)
 .bss           0x20000530        0x0 libee.a(ee_alsetrel.o)
 .bss           0x20000530        0x0 libee.a(ee_irqsc.o)
 .bss           0x20000530        0x0 libee.a(ee_rqexchg.o)
 .bss           0x20000530        0x0 libee.a(ee_rqinsert.o)
 .bss           0x20000530        0x0 libee.a(ee_context.o)
 .bss           0x20000530        0x0 libee.a(ee_context.o)
 .bss           0x20000530        0x0 libee.a(ee_thendin.o)
 .bss           0x20000530        0x0 libstm32f4xxspd.a(stm32f4xx_adc.o)
 .bss           0x20000530        0x0 libstm32f4xxspd.a(stm32f4xx_can.o)
 .bss           0x20000530        0x0 libstm32f4xxspd.a(stm32f4xx_dma.o)
 .bss           0x20000530        0x0 libstm32f4xxspd.a(stm32f4xx_gpio.o)
 .bss           0x20000530        0x0 libstm32f4xxspd.a(stm32f4xx_i2c.o)
 .bss           0x20000530        0x0 libstm32f4xxspd.a(stm32f4xx_rcc.o)
 .bss           0x20000530        0x0 libstm32f4xxspd.a(stm32f4xx_tim.o)
 .bss           0x20000530        0x0 c:/gnuarm~1/bin/../lib/gcc/arm-none-eabi/5.4.1/armv7e-m\libgcc.a(_arm_addsubdf3.o)
 .bss           0x20000530        0x0 c:/gnuarm~1/bin/../lib/gcc/arm-none-eabi/5.4.1/armv7e-m\libgcc.a(_arm_muldivdf3.o)
 .bss           0x20000530        0x0 c:/gnuarm~1/bin/../lib/gcc/arm-none-eabi/5.4.1/armv7e-m\libgcc.a(_arm_cmpdf2.o)
 .bss           0x20000530        0x0 c:/gnuarm~1/bin/../lib/gcc/arm-none-eabi/5.4.1/armv7e-m\libgcc.a(_arm_truncdfsf2.o)
 .bss           0x20000530        0x0 c:/gnuarm~1/bin/../lib/gcc/arm-none-eabi/5.4.1/armv7e-m\libgcc.a(_arm_addsubsf3.o)
 .bss           0x20000530        0x0 c:/gnuarm~1/bin/../lib/gcc/arm-none-eabi/5.4.1/armv7e-m\libgcc.a(_arm_muldivsf3.o)
 .bss           0x20000530        0x0 c:/gnuarm~1/bin/../lib/gcc/arm-none-eabi/5.4.1/armv7e-m\libgcc.a(_arm_cmpsf2.o)
 .bss           0x20000530        0x0 c:/gnuarm~1/bin/../lib/gcc/arm-none-eabi/5.4.1/armv7e-m\libgcc.a(_arm_fixunssfsi.o)
 .bss           0x20000530        0x0 C:\GNUARM~1\arm-none-eabi\lib\thumb\libc.a(lib_a-exit.o)
 .bss           0x20000530        0x0 C:\GNUARM~1\arm-none-eabi\lib\thumb\libc.a(lib_a-impure.o)
 .bss           0x20000530        0x0 C:\GNUARM~1\arm-none-eabi\lib\thumb\libc.a(lib_a-init.o)
 .bss           0x20000530        0x0 C:\GNUARM~1\arm-none-eabi\lib\thumb\libc.a(lib_a-memset.o)
 .bss           0x20000530        0x0 C:\GNUARM~1\arm-none-eabi\lib\thumb\libc.a(lib_a-__call_atexit.o)
 .bss           0x20000530        0x0 C:\GNUARM~1\arm-none-eabi\lib\thumb\libc.a(lib_a-atexit.o)
 .bss           0x20000530        0x0 C:\GNUARM~1\arm-none-eabi\lib\thumb\libc.a(lib_a-fini.o)
 .bss           0x20000530        0x0 C:\GNUARM~1\arm-none-eabi\lib\thumb\libc.a(lib_a-__atexit.o)
 .bss           0x20000530        0x0 C:\GNUARM~1\arm-none-eabi\lib\thumb\libm.a(lib_a-sf_round.o)
 .bss           0x20000530        0x0 c:/gnuarm~1/bin/../lib/gcc/arm-none-eabi/5.4.1/armv7e-m/crtend.o
 .bss           0x20000530        0x0 c:/gnuarm~1/bin/../lib/gcc/arm-none-eabi/5.4.1/armv7e-m/crtn.o
 *(COMMON)
 COMMON         0x20000530        0x8 obj/ISR.o
                0x20000530                GPIO_InitStructure
 COMMON         0x20000538       0x50 obj/eecfg.o
                0x20000538                EE_alarm_RAM
                0x20000574                EE_th_nact
 COMMON         0x20000588       0x1c obj/ek_EcuA/IoHwA.o
                0x20000588                ir_distance
                0x2000058c                us_distance
                0x20000590                ADC3ConvertedVoltage
                0x20000594                ADC3ConvertedValue
                0x20000598                result
                0x2000059c                pwm_DutyCycle_valueIF
                0x200005a0                pwm_DutyCycle_valueUS
 COMMON         0x200005a4       0x1c obj/ek_EcuA/ek_IoHwA/ek_I2C_init.o
                0x200005a4                receivedRanging_data
                0x200005ac                rckwert
                0x200005b0                rangingData
 COMMON         0x200005c0       0x1c obj/ek_RTE/Rte_Vfb.o
                0x200005c0                Inter_Com_Channels
                0x200005c4                status_of_value
                0x200005cc                temp_var
                0x200005d0                temp_IDvar
                0x200005d4                Intra_Com_Channels
 COMMON         0x200005dc        0x8 libee.a(ee_hal_structs.o)
                0x200005dc                EE_IRQ_nesting_level
                0x200005e0                EE_std_endcycle_next_tid
                0x200005e4                . = ALIGN (0x4)
                0x200005e4                __bss_end__ = .

.heap           0x200005e8      0x100
                0x200005e8                __end__ = .
                0x200005e8                end = __end__
 *(.heap*)
 .heap          0x200005e8      0x100 obj/pkg/mcu/st_stm32_stm32f4xx/src/startup_stm32f4xx_gnu.o
                0x200005e8                __HeapBase
                0x200006e8                __HeapLimit = .

.stack_dummy    0x200005e8      0xc00
 *(.stack*)
 .stack         0x200005e8      0xc00 obj/pkg/mcu/st_stm32_stm32f4xx/src/startup_stm32f4xx_gnu.o
                0x20020000                __StackTop = (ORIGIN (RAM) + LENGTH (RAM))
                0x2001f400                __StackLimit = (__StackTop - SIZEOF (.stack_dummy))
                0x20020000                PROVIDE (__stack, __StackTop)
                0x00000001                ASSERT ((__StackLimit >= __HeapLimit), region RAM overflowed with stack)
                0x10000000                __CcmOrigin = ORIGIN (CCM)
                0x00010000                __CcmLen = LENGTH (CCM)
START GROUP
LOAD c:/gnuarm~1/bin/../lib/gcc/arm-none-eabi/5.4.1/armv7e-m\libgcc.a
LOAD C:\GNUARM~1\arm-none-eabi\lib\thumb\libg.a
LOAD C:\GNUARM~1\arm-none-eabi\lib\thumb\libc.a
END GROUP
LOAD c:/gnuarm~1/bin/../lib/gcc/arm-none-eabi/5.4.1/armv7e-m/crtend.o
LOAD c:/gnuarm~1/bin/../lib/gcc/arm-none-eabi/5.4.1/armv7e-m/crtn.o
OUTPUT(c_mX.elf elf32-littlearm)

.ARM.attributes
                0x00000000       0x2c
 .ARM.attributes
                0x00000000       0x1e c:/gnuarm~1/bin/../lib/gcc/arm-none-eabi/5.4.1/armv7e-m/crti.o
 .ARM.attributes
                0x0000001e       0x2e c:/gnuarm~1/bin/../lib/gcc/arm-none-eabi/5.4.1/armv7e-m/crtbegin.o
 .ARM.attributes
                0x0000004c       0x1c c:/gnuarm~1/bin/../lib/gcc/arm-none-eabi/5.4.1/../../../../arm-none-eabi/lib/armv7e-m/crt0.o
 .ARM.attributes
                0x00000068       0x33 obj/ISR.o
 .ARM.attributes
                0x0000009b       0x33 obj/TASKs.o
 .ARM.attributes
                0x000000ce       0x33 obj/eecfg.o
 .ARM.attributes
                0x00000101       0x33 obj/ek_ComA/ek_ComHwA/ek_CAN_init.o
 .ARM.attributes
                0x00000134       0x33 obj/ek_ComA/ek_ComS.o
 .ARM.attributes
                0x00000167       0x33 obj/ek_EcuA/IoHwA.o
 .ARM.attributes
                0x0000019a       0x33 obj/ek_EcuA/ek_IoHwA/ek_ADC_init.o
 .ARM.attributes
                0x000001cd       0x33 obj/ek_EcuA/ek_IoHwA/ek_I2C_init.o
 .ARM.attributes
                0x00000200       0x33 obj/ek_EcuA/ek_IoHwA/ek_PWM_init.o
 .ARM.attributes
                0x00000233       0x33 obj/ek_EcuA/ek_MCAL/ek_GPIOx_init.o
 .ARM.attributes
                0x00000266       0x33 obj/ek_RTE/Rte_Main.o
 .ARM.attributes
                0x00000299       0x33 obj/ek_RTE/Rte_Vfb.o
 .ARM.attributes
                0x000002cc       0x33 obj/ek_SW_Component/SWC_Controller.o
 .ARM.attributes
                0x000002ff       0x33 obj/main.o
 .ARM.attributes
                0x00000332       0x1c obj/pkg/mcu/st_stm32_stm32f4xx/src/startup_stm32f4xx_gnu.o
 .ARM.attributes
                0x0000034e       0x33 obj/pkg/mcu/st_stm32_stm32f4xx/src/system_stm32f4xx.o
 .ARM.attributes
                0x00000381       0x33 libee.a(ee_hal_structs.o)
 .ARM.attributes
                0x000003b4       0x33 libee.a(ee_utils.o)
 .ARM.attributes
                0x000003e7       0x21 libee.a(ee_gnu_change_context_isr.o)
 .ARM.attributes
                0x00000408       0x33 libee.a(ee_altick.o)
 .ARM.attributes
                0x0000043b       0x33 libee.a(ee_alsetrel.o)
 .ARM.attributes
                0x0000046e       0x33 libee.a(ee_irqsc.o)
 .ARM.attributes
                0x000004a1       0x33 libee.a(ee_rqexchg.o)
 .ARM.attributes
                0x000004d4       0x33 libee.a(ee_rqinsert.o)
 .ARM.attributes
                0x00000507       0x33 libee.a(ee_context.o)
 .ARM.attributes
                0x0000053a       0x33 libee.a(ee_context.o)
 .ARM.attributes
                0x0000056d       0x33 libee.a(ee_thendin.o)
 .ARM.attributes
                0x000005a0       0x33 libstm32f4xxspd.a(stm32f4xx_adc.o)
 .ARM.attributes
                0x000005d3       0x33 libstm32f4xxspd.a(stm32f4xx_can.o)
 .ARM.attributes
                0x00000606       0x33 libstm32f4xxspd.a(stm32f4xx_dma.o)
 .ARM.attributes
                0x00000639       0x33 libstm32f4xxspd.a(stm32f4xx_gpio.o)
 .ARM.attributes
                0x0000066c       0x33 libstm32f4xxspd.a(stm32f4xx_i2c.o)
 .ARM.attributes
                0x0000069f       0x33 libstm32f4xxspd.a(stm32f4xx_rcc.o)
 .ARM.attributes
                0x000006d2       0x33 libstm32f4xxspd.a(stm32f4xx_tim.o)
 .ARM.attributes
                0x00000705       0x1e c:/gnuarm~1/bin/../lib/gcc/arm-none-eabi/5.4.1/armv7e-m\libgcc.a(_arm_addsubdf3.o)
 .ARM.attributes
                0x00000723       0x1e c:/gnuarm~1/bin/../lib/gcc/arm-none-eabi/5.4.1/armv7e-m\libgcc.a(_arm_muldivdf3.o)
 .ARM.attributes
                0x00000741       0x1e c:/gnuarm~1/bin/../lib/gcc/arm-none-eabi/5.4.1/armv7e-m\libgcc.a(_arm_cmpdf2.o)
 .ARM.attributes
                0x0000075f       0x1e c:/gnuarm~1/bin/../lib/gcc/arm-none-eabi/5.4.1/armv7e-m\libgcc.a(_arm_truncdfsf2.o)
 .ARM.attributes
                0x0000077d       0x1e c:/gnuarm~1/bin/../lib/gcc/arm-none-eabi/5.4.1/armv7e-m\libgcc.a(_arm_addsubsf3.o)
 .ARM.attributes
                0x0000079b       0x1e c:/gnuarm~1/bin/../lib/gcc/arm-none-eabi/5.4.1/armv7e-m\libgcc.a(_arm_muldivsf3.o)
 .ARM.attributes
                0x000007b9       0x1e c:/gnuarm~1/bin/../lib/gcc/arm-none-eabi/5.4.1/armv7e-m\libgcc.a(_arm_cmpsf2.o)
 .ARM.attributes
                0x000007d7       0x1e c:/gnuarm~1/bin/../lib/gcc/arm-none-eabi/5.4.1/armv7e-m\libgcc.a(_arm_fixunssfsi.o)
 .ARM.attributes
                0x000007f5       0x30 C:\GNUARM~1\arm-none-eabi\lib\thumb\libc.a(lib_a-exit.o)
 .ARM.attributes
                0x00000825       0x30 C:\GNUARM~1\arm-none-eabi\lib\thumb\libc.a(lib_a-impure.o)
 .ARM.attributes
                0x00000855       0x30 C:\GNUARM~1\arm-none-eabi\lib\thumb\libc.a(lib_a-init.o)
 .ARM.attributes
                0x00000885       0x30 C:\GNUARM~1\arm-none-eabi\lib\thumb\libc.a(lib_a-memset.o)
 .ARM.attributes
                0x000008b5       0x30 C:\GNUARM~1\arm-none-eabi\lib\thumb\libc.a(lib_a-__call_atexit.o)
 .ARM.attributes
                0x000008e5       0x30 C:\GNUARM~1\arm-none-eabi\lib\thumb\libc.a(lib_a-atexit.o)
 .ARM.attributes
                0x00000915       0x30 C:\GNUARM~1\arm-none-eabi\lib\thumb\libc.a(lib_a-fini.o)
 .ARM.attributes
                0x00000945       0x30 C:\GNUARM~1\arm-none-eabi\lib\thumb\libc.a(lib_a-__atexit.o)
 .ARM.attributes
                0x00000975       0x30 C:\GNUARM~1\arm-none-eabi\lib\thumb\libm.a(lib_a-sf_round.o)
 .ARM.attributes
                0x000009a5       0x2e c:/gnuarm~1/bin/../lib/gcc/arm-none-eabi/5.4.1/armv7e-m/crtend.o
 .ARM.attributes
                0x000009d3       0x1e c:/gnuarm~1/bin/../lib/gcc/arm-none-eabi/5.4.1/armv7e-m/crtn.o

.comment        0x00000000       0x6e
 .comment       0x00000000       0x6e obj/ISR.o
                                 0x6f (size before relaxing)
 .comment       0x0000006e       0x6f obj/TASKs.o
 .comment       0x0000006e       0x6f obj/eecfg.o
 .comment       0x0000006e       0x6f obj/ek_ComA/ek_ComHwA/ek_CAN_init.o
 .comment       0x0000006e       0x6f obj/ek_ComA/ek_ComS.o
 .comment       0x0000006e       0x6f obj/ek_EcuA/IoHwA.o
 .comment       0x0000006e       0x6f obj/ek_EcuA/ek_IoHwA/ek_ADC_init.o
 .comment       0x0000006e       0x6f obj/ek_EcuA/ek_IoHwA/ek_I2C_init.o
 .comment       0x0000006e       0x6f obj/ek_EcuA/ek_IoHwA/ek_PWM_init.o
 .comment       0x0000006e       0x6f obj/ek_EcuA/ek_MCAL/ek_GPIOx_init.o
 .comment       0x0000006e       0x6f obj/ek_RTE/Rte_Main.o
 .comment       0x0000006e       0x6f obj/ek_RTE/Rte_Vfb.o
 .comment       0x0000006e       0x6f obj/ek_SW_Component/SWC_Controller.o
 .comment       0x0000006e       0x6f obj/main.o
 .comment       0x0000006e       0x6f obj/pkg/mcu/st_stm32_stm32f4xx/src/system_stm32f4xx.o
 .comment       0x0000006e       0x6f libee.a(ee_hal_structs.o)
 .comment       0x0000006e       0x6f libee.a(ee_utils.o)
 .comment       0x0000006e       0x6f libee.a(ee_altick.o)
 .comment       0x0000006e       0x6f libee.a(ee_alsetrel.o)
 .comment       0x0000006e       0x6f libee.a(ee_irqsc.o)
 .comment       0x0000006e       0x6f libee.a(ee_rqexchg.o)
 .comment       0x0000006e       0x6f libee.a(ee_rqinsert.o)
 .comment       0x0000006e       0x6f libee.a(ee_context.o)
 .comment       0x0000006e       0x6f libee.a(ee_context.o)
 .comment       0x0000006e       0x6f libee.a(ee_thendin.o)
 .comment       0x0000006e       0x6f libstm32f4xxspd.a(stm32f4xx_adc.o)
 .comment       0x0000006e       0x6f libstm32f4xxspd.a(stm32f4xx_can.o)
 .comment       0x0000006e       0x6f libstm32f4xxspd.a(stm32f4xx_dma.o)
 .comment       0x0000006e       0x6f libstm32f4xxspd.a(stm32f4xx_gpio.o)
 .comment       0x0000006e       0x6f libstm32f4xxspd.a(stm32f4xx_i2c.o)
 .comment       0x0000006e       0x6f libstm32f4xxspd.a(stm32f4xx_rcc.o)
 .comment       0x0000006e       0x6f libstm32f4xxspd.a(stm32f4xx_tim.o)

.debug_info     0x00000000     0xba2b
 .debug_info    0x00000000      0x8ac obj/ISR.o
 .debug_info    0x000008ac      0x1ca obj/TASKs.o
 .debug_info    0x00000a76      0x349 obj/eecfg.o
 .debug_info    0x00000dbf      0x690 obj/ek_ComA/ek_ComHwA/ek_CAN_init.o
 .debug_info    0x0000144f      0x662 obj/ek_ComA/ek_ComS.o
 .debug_info    0x00001ab1      0x6fe obj/ek_EcuA/IoHwA.o
 .debug_info    0x000021af      0x660 obj/ek_EcuA/ek_IoHwA/ek_ADC_init.o
 .debug_info    0x0000280f      0x8cd obj/ek_EcuA/ek_IoHwA/ek_I2C_init.o
 .debug_info    0x000030dc      0x5ef obj/ek_EcuA/ek_IoHwA/ek_PWM_init.o
 .debug_info    0x000036cb      0x364 obj/ek_EcuA/ek_MCAL/ek_GPIOx_init.o
 .debug_info    0x00003a2f      0x1c1 obj/ek_RTE/Rte_Main.o
 .debug_info    0x00003bf0      0x20d obj/ek_RTE/Rte_Vfb.o
 .debug_info    0x00003dfd      0x27a obj/ek_SW_Component/SWC_Controller.o
 .debug_info    0x00004077      0x372 obj/main.o
 .debug_info    0x000043e9       0xc3 obj/pkg/mcu/st_stm32_stm32f4xx/src/startup_stm32f4xx_gnu.o
 .debug_info    0x000044ac      0x5af obj/pkg/mcu/st_stm32_stm32f4xx/src/system_stm32f4xx.o
 .debug_info    0x00004a5b      0x15c libee.a(ee_hal_structs.o)
 .debug_info    0x00004bb7      0x23e libee.a(ee_utils.o)
 .debug_info    0x00004df5       0xc2 libee.a(ee_gnu_change_context_isr.o)
 .debug_info    0x00004eb7      0x3ec libee.a(ee_altick.o)
 .debug_info    0x000052a3      0x2d1 libee.a(ee_alsetrel.o)
 .debug_info    0x00005574      0x246 libee.a(ee_irqsc.o)
 .debug_info    0x000057ba      0x178 libee.a(ee_rqexchg.o)
 .debug_info    0x00005932      0x1b8 libee.a(ee_rqinsert.o)
 .debug_info    0x00005aea      0x174 libee.a(ee_context.o)
 .debug_info    0x00005c5e      0x21c libee.a(ee_context.o)
 .debug_info    0x00005e7a      0x2a3 libee.a(ee_thendin.o)
 .debug_info    0x0000611d      0xc40 libstm32f4xxspd.a(stm32f4xx_adc.o)
 .debug_info    0x00006d5d      0xba4 libstm32f4xxspd.a(stm32f4xx_can.o)
 .debug_info    0x00007901      0x741 libstm32f4xxspd.a(stm32f4xx_dma.o)
 .debug_info    0x00008042      0x61d libstm32f4xxspd.a(stm32f4xx_gpio.o)
 .debug_info    0x0000865f      0xb00 libstm32f4xxspd.a(stm32f4xx_i2c.o)
 .debug_info    0x0000915f      0xc63 libstm32f4xxspd.a(stm32f4xx_rcc.o)
 .debug_info    0x00009dc2     0x1c69 libstm32f4xxspd.a(stm32f4xx_tim.o)

.debug_abbrev   0x00000000     0x2a72
 .debug_abbrev  0x00000000      0x246 obj/ISR.o
 .debug_abbrev  0x00000246       0xf2 obj/TASKs.o
 .debug_abbrev  0x00000338       0xe3 obj/eecfg.o
 .debug_abbrev  0x0000041b      0x13d obj/ek_ComA/ek_ComHwA/ek_CAN_init.o
 .debug_abbrev  0x00000558      0x1d3 obj/ek_ComA/ek_ComS.o
 .debug_abbrev  0x0000072b      0x20b obj/ek_EcuA/IoHwA.o
 .debug_abbrev  0x00000936      0x15c obj/ek_EcuA/ek_IoHwA/ek_ADC_init.o
 .debug_abbrev  0x00000a92      0x1a0 obj/ek_EcuA/ek_IoHwA/ek_I2C_init.o
 .debug_abbrev  0x00000c32      0x123 obj/ek_EcuA/ek_IoHwA/ek_PWM_init.o
 .debug_abbrev  0x00000d55      0x11d obj/ek_EcuA/ek_MCAL/ek_GPIOx_init.o
 .debug_abbrev  0x00000e72       0xe0 obj/ek_RTE/Rte_Main.o
 .debug_abbrev  0x00000f52       0xf2 obj/ek_RTE/Rte_Vfb.o
 .debug_abbrev  0x00001044      0x119 obj/ek_SW_Component/SWC_Controller.o
 .debug_abbrev  0x0000115d      0x181 obj/main.o
 .debug_abbrev  0x000012de       0x12 obj/pkg/mcu/st_stm32_stm32f4xx/src/startup_stm32f4xx_gnu.o
 .debug_abbrev  0x000012f0      0x138 obj/pkg/mcu/st_stm32_stm32f4xx/src/system_stm32f4xx.o
 .debug_abbrev  0x00001428       0x9b libee.a(ee_hal_structs.o)
 .debug_abbrev  0x000014c3      0x15b libee.a(ee_utils.o)
 .debug_abbrev  0x0000161e       0x14 libee.a(ee_gnu_change_context_isr.o)
 .debug_abbrev  0x00001632      0x1c6 libee.a(ee_altick.o)
 .debug_abbrev  0x000017f8      0x168 libee.a(ee_alsetrel.o)
 .debug_abbrev  0x00001960      0x121 libee.a(ee_irqsc.o)
 .debug_abbrev  0x00001a81       0xb5 libee.a(ee_rqexchg.o)
 .debug_abbrev  0x00001b36       0xd8 libee.a(ee_rqinsert.o)
 .debug_abbrev  0x00001c0e       0xb3 libee.a(ee_context.o)
 .debug_abbrev  0x00001cc1      0x122 libee.a(ee_context.o)
 .debug_abbrev  0x00001de3      0x130 libee.a(ee_thendin.o)
 .debug_abbrev  0x00001f13      0x198 libstm32f4xxspd.a(stm32f4xx_adc.o)
 .debug_abbrev  0x000020ab      0x1f5 libstm32f4xxspd.a(stm32f4xx_can.o)
 .debug_abbrev  0x000022a0      0x157 libstm32f4xxspd.a(stm32f4xx_dma.o)
 .debug_abbrev  0x000023f7      0x1a7 libstm32f4xxspd.a(stm32f4xx_gpio.o)
 .debug_abbrev  0x0000259e      0x166 libstm32f4xxspd.a(stm32f4xx_i2c.o)
 .debug_abbrev  0x00002704      0x1e5 libstm32f4xxspd.a(stm32f4xx_rcc.o)
 .debug_abbrev  0x000028e9      0x189 libstm32f4xxspd.a(stm32f4xx_tim.o)

.debug_aranges  0x00000000      0x450
 .debug_aranges
                0x00000000       0x20 obj/ISR.o
 .debug_aranges
                0x00000020       0x20 obj/TASKs.o
 .debug_aranges
                0x00000040       0x20 obj/eecfg.o
 .debug_aranges
                0x00000060       0x20 obj/ek_ComA/ek_ComHwA/ek_CAN_init.o
 .debug_aranges
                0x00000080       0x20 obj/ek_ComA/ek_ComS.o
 .debug_aranges
                0x000000a0       0x20 obj/ek_EcuA/IoHwA.o
 .debug_aranges
                0x000000c0       0x20 obj/ek_EcuA/ek_IoHwA/ek_ADC_init.o
 .debug_aranges
                0x000000e0       0x20 obj/ek_EcuA/ek_IoHwA/ek_I2C_init.o
 .debug_aranges
                0x00000100       0x20 obj/ek_EcuA/ek_IoHwA/ek_PWM_init.o
 .debug_aranges
                0x00000120       0x20 obj/ek_EcuA/ek_MCAL/ek_GPIOx_init.o
 .debug_aranges
                0x00000140       0x20 obj/ek_RTE/Rte_Main.o
 .debug_aranges
                0x00000160       0x20 obj/ek_RTE/Rte_Vfb.o
 .debug_aranges
                0x00000180       0x20 obj/ek_SW_Component/SWC_Controller.o
 .debug_aranges
                0x000001a0       0x20 obj/main.o
 .debug_aranges
                0x000001c0       0x30 obj/pkg/mcu/st_stm32_stm32f4xx/src/startup_stm32f4xx_gnu.o
 .debug_aranges
                0x000001f0       0x20 obj/pkg/mcu/st_stm32_stm32f4xx/src/system_stm32f4xx.o
 .debug_aranges
                0x00000210       0x20 libee.a(ee_hal_structs.o)
 .debug_aranges
                0x00000230       0x20 libee.a(ee_utils.o)
 .debug_aranges
                0x00000250       0x20 libee.a(ee_gnu_change_context_isr.o)
 .debug_aranges
                0x00000270       0x20 libee.a(ee_altick.o)
 .debug_aranges
                0x00000290       0x20 libee.a(ee_alsetrel.o)
 .debug_aranges
                0x000002b0       0x20 libee.a(ee_irqsc.o)
 .debug_aranges
                0x000002d0       0x20 libee.a(ee_rqexchg.o)
 .debug_aranges
                0x000002f0       0x20 libee.a(ee_rqinsert.o)
 .debug_aranges
                0x00000310       0x20 libee.a(ee_context.o)
 .debug_aranges
                0x00000330       0x20 libee.a(ee_context.o)
 .debug_aranges
                0x00000350       0x20 libee.a(ee_thendin.o)
 .debug_aranges
                0x00000370       0x20 libstm32f4xxspd.a(stm32f4xx_adc.o)
 .debug_aranges
                0x00000390       0x20 libstm32f4xxspd.a(stm32f4xx_can.o)
 .debug_aranges
                0x000003b0       0x20 libstm32f4xxspd.a(stm32f4xx_dma.o)
 .debug_aranges
                0x000003d0       0x20 libstm32f4xxspd.a(stm32f4xx_gpio.o)
 .debug_aranges
                0x000003f0       0x20 libstm32f4xxspd.a(stm32f4xx_i2c.o)
 .debug_aranges
                0x00000410       0x20 libstm32f4xxspd.a(stm32f4xx_rcc.o)
 .debug_aranges
                0x00000430       0x20 libstm32f4xxspd.a(stm32f4xx_tim.o)

.debug_line     0x00000000     0x54ab
 .debug_line    0x00000000      0x47e obj/ISR.o
 .debug_line    0x0000047e      0x1f1 obj/TASKs.o
 .debug_line    0x0000066f      0x126 obj/eecfg.o
 .debug_line    0x00000795      0x29f obj/ek_ComA/ek_ComHwA/ek_CAN_init.o
 .debug_line    0x00000a34      0x3ac obj/ek_ComA/ek_ComS.o
 .debug_line    0x00000de0      0x3f7 obj/ek_EcuA/IoHwA.o
 .debug_line    0x000011d7      0x2d2 obj/ek_EcuA/ek_IoHwA/ek_ADC_init.o
 .debug_line    0x000014a9      0x418 obj/ek_EcuA/ek_IoHwA/ek_I2C_init.o
 .debug_line    0x000018c1      0x2af obj/ek_EcuA/ek_IoHwA/ek_PWM_init.o
 .debug_line    0x00001b70      0x220 obj/ek_EcuA/ek_MCAL/ek_GPIOx_init.o
 .debug_line    0x00001d90      0x262 obj/ek_RTE/Rte_Main.o
 .debug_line    0x00001ff2      0x1c2 obj/ek_RTE/Rte_Vfb.o
 .debug_line    0x000021b4      0x1e2 obj/ek_SW_Component/SWC_Controller.o
 .debug_line    0x00002396      0x2e4 obj/main.o
 .debug_line    0x0000267a       0xc5 obj/pkg/mcu/st_stm32_stm32f4xx/src/startup_stm32f4xx_gnu.o
 .debug_line    0x0000273f      0x1f3 obj/pkg/mcu/st_stm32_stm32f4xx/src/system_stm32f4xx.o
 .debug_line    0x00002932      0x13b libee.a(ee_hal_structs.o)
 .debug_line    0x00002a6d      0x181 libee.a(ee_utils.o)
 .debug_line    0x00002bee       0xc4 libee.a(ee_gnu_change_context_isr.o)
 .debug_line    0x00002cb2      0x21f libee.a(ee_altick.o)
 .debug_line    0x00002ed1      0x1d6 libee.a(ee_alsetrel.o)
 .debug_line    0x000030a7      0x1a0 libee.a(ee_irqsc.o)
 .debug_line    0x00003247      0x165 libee.a(ee_rqexchg.o)
 .debug_line    0x000033ac      0x173 libee.a(ee_rqinsert.o)
 .debug_line    0x0000351f      0x16e libee.a(ee_context.o)
 .debug_line    0x0000368d      0x18f libee.a(ee_context.o)
 .debug_line    0x0000381c      0x1ce libee.a(ee_thendin.o)
 .debug_line    0x000039ea      0x381 libstm32f4xxspd.a(stm32f4xx_adc.o)
 .debug_line    0x00003d6b      0x433 libstm32f4xxspd.a(stm32f4xx_can.o)
 .debug_line    0x0000419e      0x351 libstm32f4xxspd.a(stm32f4xx_dma.o)
 .debug_line    0x000044ef      0x2bf libstm32f4xxspd.a(stm32f4xx_gpio.o)
 .debug_line    0x000047ae      0x352 libstm32f4xxspd.a(stm32f4xx_i2c.o)
 .debug_line    0x00004b00      0x383 libstm32f4xxspd.a(stm32f4xx_rcc.o)
 .debug_line    0x00004e83      0x628 libstm32f4xxspd.a(stm32f4xx_tim.o)

.debug_str      0x00000000     0x4034
 .debug_str     0x00000000      0x5b5 obj/ISR.o
                                0x632 (size before relaxing)
 .debug_str     0x000005b5       0xda obj/TASKs.o
                                0x29c (size before relaxing)
 .debug_str     0x0000068f      0x166 obj/eecfg.o
                                0x31a (size before relaxing)
 .debug_str     0x000007f5      0x243 obj/ek_ComA/ek_ComHwA/ek_CAN_init.o
                                0x5f0 (size before relaxing)
 .debug_str     0x00000a38       0xe4 obj/ek_ComA/ek_ComS.o
                                0x553 (size before relaxing)
 .debug_str     0x00000b1c      0x31b obj/ek_EcuA/IoHwA.o
                                0x749 (size before relaxing)
 .debug_str     0x00000e37      0x348 obj/ek_EcuA/ek_IoHwA/ek_ADC_init.o
                                0x68a (size before relaxing)
 .debug_str     0x0000117f      0x32b obj/ek_EcuA/ek_IoHwA/ek_I2C_init.o
                                0x68b (size before relaxing)
 .debug_str     0x000014aa      0x235 obj/ek_EcuA/ek_IoHwA/ek_PWM_init.o
                                0x5ab (size before relaxing)
 .debug_str     0x000016df       0x80 obj/ek_EcuA/ek_MCAL/ek_GPIOx_init.o
                                0x3ea (size before relaxing)
 .debug_str     0x0000175f       0x83 obj/ek_RTE/Rte_Main.o
                                0x263 (size before relaxing)
 .debug_str     0x000017e2       0xc8 obj/ek_RTE/Rte_Vfb.o
                                0x23a (size before relaxing)
 .debug_str     0x000018aa      0x16b obj/ek_SW_Component/SWC_Controller.o
                                0x2fc (size before relaxing)
 .debug_str     0x00001a15       0xdd obj/main.o
                                0x43b (size before relaxing)
 .debug_str     0x00001af2      0x1f0 obj/pkg/mcu/st_stm32_stm32f4xx/src/system_stm32f4xx.o
                                0x3b7 (size before relaxing)
 .debug_str     0x00001ce2       0x44 libee.a(ee_hal_structs.o)
                                0x200 (size before relaxing)
 .debug_str     0x00001d26       0xb6 libee.a(ee_utils.o)
                                0x272 (size before relaxing)
 .debug_str     0x00001ddc       0xe8 libee.a(ee_altick.o)
                                0x391 (size before relaxing)
 .debug_str     0x00001ec4       0x59 libee.a(ee_alsetrel.o)
                                0x2ee (size before relaxing)
 .debug_str     0x00001f1d       0xa2 libee.a(ee_irqsc.o)
                                0x292 (size before relaxing)
 .debug_str     0x00001fbf       0x57 libee.a(ee_rqexchg.o)
                                0x213 (size before relaxing)
 .debug_str     0x00002016       0x4d libee.a(ee_rqinsert.o)
                                0x21f (size before relaxing)
 .debug_str     0x00002063       0x5f libee.a(ee_context.o)
                                0x21b (size before relaxing)
 .debug_str     0x000020c2       0x78 libee.a(ee_context.o)
                                0x28d (size before relaxing)
 .debug_str     0x0000213a       0x66 libee.a(ee_thendin.o)
                                0x2ba (size before relaxing)
 .debug_str     0x000021a0      0x50f libstm32f4xxspd.a(stm32f4xx_adc.o)
                                0x816 (size before relaxing)
 .debug_str     0x000026af      0x309 libstm32f4xxspd.a(stm32f4xx_can.o)
                                0x750 (size before relaxing)
 .debug_str     0x000029b8      0x272 libstm32f4xxspd.a(stm32f4xx_dma.o)
                                0x554 (size before relaxing)
 .debug_str     0x00002c2a      0x195 libstm32f4xxspd.a(stm32f4xx_gpio.o)
                                0x4b5 (size before relaxing)
 .debug_str     0x00002dbf      0x358 libstm32f4xxspd.a(stm32f4xx_i2c.o)
                                0x677 (size before relaxing)
 .debug_str     0x00003117      0x50e libstm32f4xxspd.a(stm32f4xx_rcc.o)
                                0x862 (size before relaxing)
 .debug_str     0x00003625      0xa0f libstm32f4xxspd.a(stm32f4xx_tim.o)
                                0xde2 (size before relaxing)

.debug_frame    0x00000000     0x3c58
 .debug_frame   0x00000000      0x110 obj/ISR.o
 .debug_frame   0x00000110      0x10c obj/TASKs.o
 .debug_frame   0x0000021c       0x60 obj/eecfg.o
 .debug_frame   0x0000027c       0x34 obj/ek_ComA/ek_ComHwA/ek_CAN_init.o
 .debug_frame   0x000002b0       0xc4 obj/ek_ComA/ek_ComS.o
 .debug_frame   0x00000374      0x1fc obj/ek_EcuA/IoHwA.o
 .debug_frame   0x00000570       0x8c obj/ek_EcuA/ek_IoHwA/ek_ADC_init.o
 .debug_frame   0x000005fc      0x254 obj/ek_EcuA/ek_IoHwA/ek_I2C_init.o
 .debug_frame   0x00000850       0x58 obj/ek_EcuA/ek_IoHwA/ek_PWM_init.o
 .debug_frame   0x000008a8       0x38 obj/ek_EcuA/ek_MCAL/ek_GPIOx_init.o
 .debug_frame   0x000008e0       0x9c obj/ek_RTE/Rte_Main.o
 .debug_frame   0x0000097c       0xd4 obj/ek_RTE/Rte_Vfb.o
 .debug_frame   0x00000a50       0xbc obj/ek_SW_Component/SWC_Controller.o
 .debug_frame   0x00000b0c       0x80 obj/main.o
 .debug_frame   0x00000b8c       0x80 obj/pkg/mcu/st_stm32_stm32f4xx/src/system_stm32f4xx.o
 .debug_frame   0x00000c0c       0x60 libee.a(ee_hal_structs.o)
 .debug_frame   0x00000c6c       0x88 libee.a(ee_utils.o)
 .debug_frame   0x00000cf4       0xb4 libee.a(ee_altick.o)
 .debug_frame   0x00000da8       0x88 libee.a(ee_alsetrel.o)
 .debug_frame   0x00000e30       0x88 libee.a(ee_irqsc.o)
 .debug_frame   0x00000eb8       0x88 libee.a(ee_rqexchg.o)
 .debug_frame   0x00000f40       0x88 libee.a(ee_rqinsert.o)
 .debug_frame   0x00000fc8       0x84 libee.a(ee_context.o)
 .debug_frame   0x0000104c       0x84 libee.a(ee_context.o)
 .debug_frame   0x000010d0       0x84 libee.a(ee_thendin.o)
 .debug_frame   0x00001154      0x5ec libstm32f4xxspd.a(stm32f4xx_adc.o)
 .debug_frame   0x00001740      0x3f0 libstm32f4xxspd.a(stm32f4xx_can.o)
 .debug_frame   0x00001b30      0x308 libstm32f4xxspd.a(stm32f4xx_dma.o)
 .debug_frame   0x00001e38      0x23c libstm32f4xxspd.a(stm32f4xx_gpio.o)
 .debug_frame   0x00002074      0x530 libstm32f4xxspd.a(stm32f4xx_i2c.o)
 .debug_frame   0x000025a4      0x6d4 libstm32f4xxspd.a(stm32f4xx_rcc.o)
 .debug_frame   0x00002c78      0xe54 libstm32f4xxspd.a(stm32f4xx_tim.o)
 .debug_frame   0x00003acc       0x28 C:\GNUARM~1\arm-none-eabi\lib\thumb\libc.a(lib_a-exit.o)
 .debug_frame   0x00003af4       0x2c C:\GNUARM~1\arm-none-eabi\lib\thumb\libc.a(lib_a-init.o)
 .debug_frame   0x00003b20       0x2c C:\GNUARM~1\arm-none-eabi\lib\thumb\libc.a(lib_a-memset.o)
 .debug_frame   0x00003b4c       0x54 C:\GNUARM~1\arm-none-eabi\lib\thumb\libc.a(lib_a-__call_atexit.o)
 .debug_frame   0x00003ba0       0x28 C:\GNUARM~1\arm-none-eabi\lib\thumb\libc.a(lib_a-atexit.o)
 .debug_frame   0x00003bc8       0x2c C:\GNUARM~1\arm-none-eabi\lib\thumb\libc.a(lib_a-fini.o)
 .debug_frame   0x00003bf4       0x3c C:\GNUARM~1\arm-none-eabi\lib\thumb\libc.a(lib_a-__atexit.o)
 .debug_frame   0x00003c30       0x28 C:\GNUARM~1\arm-none-eabi\lib\thumb\libm.a(lib_a-sf_round.o)

.debug_ranges   0x00000000       0x28
 .debug_ranges  0x00000000       0x28 obj/pkg/mcu/st_stm32_stm32f4xx/src/startup_stm32f4xx_gnu.o
